    NAME: anjuta
    VERSION: anjuta_version
    BUG_REPORT: http://bugzilla.gnome.org/enter_bug.cgi?product=anjuta
    TARNAME: anjuta
    MODULE: GDK_PIXBUF
        PACKAGE: gdk-pixbuf-2.0
    MODULE: APR_UTILS
        PACKAGE: apr-util-1
    MODULE: PLUGIN_DEVHELP
        PACKAGE: libdevhelp-1.0
        PACKAGE: webkit-1.0
    MODULE: PLUGIN_SOURCEVIEW
        PACKAGE: gtksourceview-2.0
    MODULE: ORBIT
        PACKAGE: ORBit-2.0
    MODULE: APR
        PACKAGE: apr-1
    MODULE: LIBXSLT
        PACKAGE: libxslt
    MODULE: GNOME
        PACKAGE: libgnome-2.0
        PACKAGE: libgnomeui-2.0
    MODULE: NEON
        PACKAGE: neon
    MODULE: GDL
        PACKAGE: gdl-1.0
    MODULE: LIBXML
        PACKAGE: libxml-2.0
    MODULE: GTK
        PACKAGE: gtk+-2.0
    MODULE: PLUGIN_GLADE
        PACKAGE: gladeui-1.0
    MODULE: VTE
        PACKAGE: vte
    MODULE: PLUGIN_SYMBOL_DB
        PACKAGE: libgda-4.0
    MODULE: GCONF
        PACKAGE: gconf-2.0
    MODULE: GLADE
        PACKAGE: libglade-2.0
    MODULE: GLIB
        PACKAGE: glib-2.0
        PACKAGE: gobject-2.0
        PACKAGE: gmodule-2.0
        PACKAGE: gthread-2.0
        PACKAGE: gio-2.0
        PACKAGE: unique-1.0
    MODULE: GRAPHVIZ
        PACKAGE: libgvc
        PACKAGE: libgraph
    GROUP (0): anjuta
        GROUP (0:0): pixmaps
            TARGET (0:0:0): anjuta.png
            TARGET (0:0:1): anjuta.svg
            TARGET (0:0:2): madeinanjuta.xcf
            TARGET (0:0:3): anjuta_logo.png
            TARGET (0:0:4): anjuta_splash.png
            TARGET (0:0:5): directory.png
            TARGET (0:0:6): directory-accept.png
            TARGET (0:0:7): password.png
            TARGET (0:0:8): start-with-import.png
            TARGET (0:0:9): start-with-wizard.png
            TARGET (0:0:10): start-with-open.png
        GROUP (0:1): scripts
            TARGET (0:1:0): anjuta_project.template
        GROUP (0:2): data
            TARGET (0:2:0): welcome.txt
            TARGET (0:2:1): default.profile
        GROUP (0:3): doc
            TARGET (0:3:0): ScintillaDoc.html
            TARGET (0:3:1): anjuta.1
            TARGET (0:3:2): anjuta_launcher.1
        GROUP (0:4): libanjuta
            GROUP (0:4:0): interfaces
                TARGET (0:4:0:0): libanjuta-interfaces.la
                    SOURCE (0:4:0:0:0): libanjuta/interfaces/ianjuta-buildable.c
                    SOURCE (0:4:0:0:1): libanjuta/interfaces/ianjuta-builder.c
                    SOURCE (0:4:0:0:2): libanjuta/interfaces/ianjuta-debug-manager.c
                    SOURCE (0:4:0:0:3): libanjuta/interfaces/ianjuta-debugger.c
                    SOURCE (0:4:0:0:4): libanjuta/interfaces/ianjuta-debugger-breakpoint.c
                    SOURCE (0:4:0:0:5): libanjuta/interfaces/ianjuta-debugger-instruction.c
                    SOURCE (0:4:0:0:6): libanjuta/interfaces/ianjuta-debugger-memory.c
                    SOURCE (0:4:0:0:7): libanjuta/interfaces/ianjuta-debugger-register.c
                    SOURCE (0:4:0:0:8): libanjuta/interfaces/ianjuta-debugger-variable.c
                    SOURCE (0:4:0:0:9): libanjuta/interfaces/ianjuta-document.c
                    SOURCE (0:4:0:0:10): libanjuta/interfaces/ianjuta-document-manager.c
                    SOURCE (0:4:0:0:11): libanjuta/interfaces/ianjuta-editor.c
                    SOURCE (0:4:0:0:12): libanjuta/interfaces/ianjuta-editor-assist.c
                    SOURCE (0:4:0:0:13): libanjuta/interfaces/ianjuta-editor-cell.c
                    SOURCE (0:4:0:0:14): libanjuta/interfaces/ianjuta-editor-cell-style.c
                    SOURCE (0:4:0:0:15): libanjuta/interfaces/ianjuta-editor-comment.c
                    SOURCE (0:4:0:0:16): libanjuta/interfaces/ianjuta-editor-convert.c
                    SOURCE (0:4:0:0:17): libanjuta/interfaces/ianjuta-editor-factory.c
                    SOURCE (0:4:0:0:18): libanjuta/interfaces/ianjuta-editor-folds.c
                    SOURCE (0:4:0:0:19): libanjuta/interfaces/ianjuta-editor-goto.c
                    SOURCE (0:4:0:0:20): libanjuta/interfaces/ianjuta-editor-hover.c
                    SOURCE (0:4:0:0:21): libanjuta/interfaces/ianjuta-editor-language.c
                    SOURCE (0:4:0:0:22): libanjuta/interfaces/ianjuta-editor-line-mode.c
                    SOURCE (0:4:0:0:23): libanjuta/interfaces/ianjuta-editor-search.c
                    SOURCE (0:4:0:0:24): libanjuta/interfaces/ianjuta-editor-selection.c
                    SOURCE (0:4:0:0:25): libanjuta/interfaces/ianjuta-editor-view.c
                    SOURCE (0:4:0:0:26): libanjuta/interfaces/ianjuta-editor-zoom.c
                    SOURCE (0:4:0:0:27): libanjuta/interfaces/ianjuta-environment.c
                    SOURCE (0:4:0:0:28): libanjuta/interfaces/ianjuta-file.c
                    SOURCE (0:4:0:0:29): libanjuta/interfaces/ianjuta-file-loader.c
                    SOURCE (0:4:0:0:30): libanjuta/interfaces/ianjuta-file-manager.c
                    SOURCE (0:4:0:0:31): libanjuta/interfaces/ianjuta-file-savable.c
                    SOURCE (0:4:0:0:32): libanjuta/interfaces/ianjuta-help.c
                    SOURCE (0:4:0:0:33): libanjuta/interfaces/ianjuta-indicable.c
                    SOURCE (0:4:0:0:34): libanjuta/interfaces/ianjuta-iterable.c
                    SOURCE (0:4:0:0:35): libanjuta/interfaces/ianjuta-iterable-tree.c
                    SOURCE (0:4:0:0:36): libanjuta/interfaces/ianjuta-language.c
                    SOURCE (0:4:0:0:37): libanjuta/interfaces/ianjuta-language-support.c
                    SOURCE (0:4:0:0:38): libanjuta/interfaces/ianjuta-loader.c
                    SOURCE (0:4:0:0:39): libanjuta/interfaces/ianjuta-macro.c
                    SOURCE (0:4:0:0:40): libanjuta/interfaces/ianjuta-markable.c
                    SOURCE (0:4:0:0:41): libanjuta/interfaces/ianjuta-message-manager.c
                    SOURCE (0:4:0:0:42): libanjuta/interfaces/ianjuta-message-view.c
                    SOURCE (0:4:0:0:43): libanjuta/interfaces/ianjuta-plugin-factory.c
                    SOURCE (0:4:0:0:44): libanjuta/interfaces/ianjuta-preferences.c
                    SOURCE (0:4:0:0:45): libanjuta/interfaces/ianjuta-print.c
                    SOURCE (0:4:0:0:46): libanjuta/interfaces/ianjuta-project-backend.c
                    SOURCE (0:4:0:0:47): libanjuta/interfaces/ianjuta-project-manager.c
                    SOURCE (0:4:0:0:48): libanjuta/interfaces/ianjuta-stream.c
                    SOURCE (0:4:0:0:49): libanjuta/interfaces/ianjuta-stream-loader.c
                    SOURCE (0:4:0:0:50): libanjuta/interfaces/ianjuta-stream-savable.c
                    SOURCE (0:4:0:0:51): libanjuta/interfaces/ianjuta-symbol.c
                    SOURCE (0:4:0:0:52): libanjuta/interfaces/ianjuta-symbol-manager.c
                    SOURCE (0:4:0:0:53): libanjuta/interfaces/ianjuta-terminal.c
                    SOURCE (0:4:0:0:54): libanjuta/interfaces/ianjuta-todo.c
                    SOURCE (0:4:0:0:55): libanjuta/interfaces/ianjuta-vcs.c
                    SOURCE (0:4:0:0:56): libanjuta/interfaces/ianjuta-wizard.c
                    SOURCE (0:4:0:0:57): libanjuta/interfaces/libanjuta-iface-marshallers.c
                TARGET (0:4:0:1): $(libanjuta_interfaces_include)
                TARGET (0:4:0:2): $(files_idl)
            TARGET (0:4:1): libanjuta.la
                SOURCE (0:4:1:0): libanjuta/anjuta-enum-types.h
                SOURCE (0:4:1:1): libanjuta/anjuta-enum-types.c
                SOURCE (0:4:1:2): libanjuta/anjuta-marshal.c
                SOURCE (0:4:1:3): libanjuta/anjuta-shell.c
                SOURCE (0:4:1:4): libanjuta/anjuta-status.c
                SOURCE (0:4:1:5): libanjuta/anjuta-encodings.c
                SOURCE (0:4:1:6): libanjuta/anjuta-convert.c
                SOURCE (0:4:1:7): libanjuta/anjuta-message-area.c
                SOURCE (0:4:1:8): libanjuta/anjuta-preferences-dialog.c
                SOURCE (0:4:1:9): libanjuta/anjuta-preferences.c
                SOURCE (0:4:1:10): libanjuta/anjuta-plugin.c
                SOURCE (0:4:1:11): libanjuta/anjuta-plugin-handle.h
                SOURCE (0:4:1:12): libanjuta/anjuta-plugin-handle.c
                SOURCE (0:4:1:13): libanjuta/anjuta-plugin-description.c
                SOURCE (0:4:1:14): libanjuta/anjuta-plugin-manager.c
                SOURCE (0:4:1:15): libanjuta/anjuta-profile.c
                SOURCE (0:4:1:16): libanjuta/anjuta-profile-manager.c
                SOURCE (0:4:1:17): libanjuta/anjuta-ui.c
                SOURCE (0:4:1:18): libanjuta/anjuta-launcher.c
                SOURCE (0:4:1:19): libanjuta/anjuta-utils.c
                SOURCE (0:4:1:20): libanjuta/anjuta-utils-priv.h
                SOURCE (0:4:1:21): libanjuta/anjuta-session.c
                SOURCE (0:4:1:22): libanjuta/anjuta-save-prompt.c
                SOURCE (0:4:1:23): libanjuta/anjuta-serializer.c
                SOURCE (0:4:1:24): libanjuta/resources.c
                SOURCE (0:4:1:25): libanjuta/resources.h
                SOURCE (0:4:1:26): libanjuta/anjuta-c-plugin-factory.c
                SOURCE (0:4:1:27): libanjuta/anjuta-c-plugin-factory.h
                SOURCE (0:4:1:28): libanjuta/anjuta-c-module.c
                SOURCE (0:4:1:29): libanjuta/anjuta-c-module.h
                SOURCE (0:4:1:30): libanjuta/cell-renderer-captioned-image.c
                SOURCE (0:4:1:31): libanjuta/cell-renderer-captioned-image.h
                SOURCE (0:4:1:32): libanjuta/e-splash.h
                SOURCE (0:4:1:33): libanjuta/e-splash.c
                SOURCE (0:4:1:34): libanjuta/anjuta-error.c
                SOURCE (0:4:1:35): libanjuta/anjuta-error.h
                SOURCE (0:4:1:36): libanjuta/anjuta-vcs-status.h
                SOURCE (0:4:1:37): libanjuta/anjuta-vcs-status-tree-view.c
                SOURCE (0:4:1:38): libanjuta/anjuta-vcs-status-tree-view.h
                SOURCE (0:4:1:39): libanjuta/anjuta-widgets.c
                SOURCE (0:4:1:40): libanjuta/anjuta-widgets.h
                SOURCE (0:4:1:41): libanjuta/anjuta-command.c
                SOURCE (0:4:1:42): libanjuta/anjuta-command.h
                SOURCE (0:4:1:43): libanjuta/anjuta-async-command.c
                SOURCE (0:4:1:44): libanjuta/anjuta-async-command.h
                SOURCE (0:4:1:45): libanjuta/anjuta-sync-command.c
                SOURCE (0:4:1:46): libanjuta/anjuta-sync-command.h
                SOURCE (0:4:1:47): libanjuta/anjuta-async-notify.h
                SOURCE (0:4:1:48): libanjuta/anjuta-async-notify.c
                SOURCE (0:4:1:49): libanjuta/anjuta-message-area.h
                SOURCE (0:4:1:50): libanjuta/anjuta-debug.c
                SOURCE (0:4:1:51): libanjuta/anjuta-debug.h
                SOURCE (0:4:1:52): libanjuta/gbf-project.c
                SOURCE (0:4:1:53): libanjuta/gbf-project.h
            TARGET (0:4:2): libgladeanjuta.la
                SOURCE (0:4:2:0): libanjuta/anjuta-glade-catalog.c
            TARGET (0:4:3): anjuta-glade.xml
            TARGET (0:4:4): $(libanjuta_include)
            TARGET (0:4:5): anjuta-enum-types.h
            TARGET (0:4:6): anjuta-vcs-status.h
            TARGET (0:4:7): libanjuta-1.0.pc
        GROUP (0:5): plugins
            GROUP (0:5:0): gtodo
                TARGET (0:5:0:0): anjuta-gtodo.ui
                TARGET (0:5:0:1): gtodo.css
                TARGET (0:5:0:2): gtodo.xsl
                TARGET (0:5:0:3): gtodo-plain.xsl
                TARGET (0:5:0:4): anjuta-gtodo-plugin.svg
                TARGET (0:5:0:5): anjuta-gtodo-plugin-48.png
                TARGET (0:5:0:6): gtodo-about.png
                TARGET (0:5:0:7): gtodo-edit.png
                TARGET (0:5:0:8): $(plugin_in_files:.plugin.in=.plugin)
                TARGET (0:5:0:9): libanjuta-gtodo.la
                    SOURCE (0:5:0:9:0): plugins/gtodo/plugin.c
                    SOURCE (0:5:0:9:1): plugins/gtodo/plugin.h
                    SOURCE (0:5:0:9:2): plugins/gtodo/add_edit_item.c
                    SOURCE (0:5:0:9:3): plugins/gtodo/callback.c
                    SOURCE (0:5:0:9:4): plugins/gtodo/debug_printf.c
                    SOURCE (0:5:0:9:5): plugins/gtodo/debug_printf.h
                    SOURCE (0:5:0:9:6): plugins/gtodo/egg-datetime.c
                    SOURCE (0:5:0:9:7): plugins/gtodo/egg-datetime.h
                    SOURCE (0:5:0:9:8): plugins/gtodo/export.c
                    SOURCE (0:5:0:9:9): plugins/gtodo/interface.c
                    SOURCE (0:5:0:9:10): plugins/gtodo/libgtodo.c
                    SOURCE (0:5:0:9:11): plugins/gtodo/libgtodo.h
                    SOURCE (0:5:0:9:12): plugins/gtodo/list_tooltip.c
                    SOURCE (0:5:0:9:13): plugins/gtodo/mcategory.c
                    SOURCE (0:5:0:9:14): plugins/gtodo/main.h
                    SOURCE (0:5:0:9:15): plugins/gtodo/notification.c
                    SOURCE (0:5:0:9:16): plugins/gtodo/preferences.c
                    SOURCE (0:5:0:9:17): plugins/gtodo/tasklists.c
                    SOURCE (0:5:0:9:18): plugins/gtodo/todo_db.c
            GROUP (0:5:1): message-view
                TARGET (0:5:1:0): anjuta-message-manager-plugin.glade
                TARGET (0:5:1:1): anjuta-messages-plugin.svg
                TARGET (0:5:1:2): anjuta-messages-plugin-48.png
                TARGET (0:5:1:3): anjuta-go-message-prev-16.png
                TARGET (0:5:1:4): anjuta-go-message-prev-24.png
                TARGET (0:5:1:5): anjuta-go-message-next-16.png
                TARGET (0:5:1:6): anjuta-go-message-next-24.png
                TARGET (0:5:1:7): anjuta-message-manager.ui
                TARGET (0:5:1:8): $(plugin_in_files:.plugin.in=.plugin)
                TARGET (0:5:1:9): libanjuta-message-view.la
                    SOURCE (0:5:1:9:0): plugins/message-view/plugin.c
                    SOURCE (0:5:1:9:1): plugins/message-view/plugin.h
                    SOURCE (0:5:1:9:2): plugins/message-view/anjuta-msgman.c
                    SOURCE (0:5:1:9:3): plugins/message-view/anjuta-msgman.h
                    SOURCE (0:5:1:9:4): plugins/message-view/message-view.c
                    SOURCE (0:5:1:9:5): plugins/message-view/message-view.h
            GROUP (0:5:2): scintilla
                GROUP (0:5:2:0): scintilla
                    GROUP (0:5:2:0:0): include
                    TARGET (0:5:2:0:1): libanjuta-scintilla.la
                        SOURCE (0:5:2:0:1:0): plugins/scintilla/scintilla/AutoComplete.cxx
                        SOURCE (0:5:2:0:1:1): plugins/scintilla/scintilla/CallTip.cxx
                        SOURCE (0:5:2:0:1:2): plugins/scintilla/scintilla/CellBuffer.cxx
                        SOURCE (0:5:2:0:1:3): plugins/scintilla/scintilla/ContractionState.cxx
                        SOURCE (0:5:2:0:1:4): plugins/scintilla/scintilla/Converter.h
                        SOURCE (0:5:2:0:1:5): plugins/scintilla/scintilla/CharClassify.h
                        SOURCE (0:5:2:0:1:6): plugins/scintilla/scintilla/CharClassify.cxx
                        SOURCE (0:5:2:0:1:7): plugins/scintilla/scintilla/ExternalLexer.cxx
                        SOURCE (0:5:2:0:1:8): plugins/scintilla/scintilla/ExternalLexer.h
                        SOURCE (0:5:2:0:1:9): plugins/scintilla/scintilla/Document.cxx
                        SOURCE (0:5:2:0:1:10): plugins/scintilla/scintilla/DocumentAccessor.cxx
                        SOURCE (0:5:2:0:1:11): plugins/scintilla/scintilla/Editor.cxx
                        SOURCE (0:5:2:0:1:12): plugins/scintilla/scintilla/Indicator.cxx
                        SOURCE (0:5:2:0:1:13): plugins/scintilla/scintilla/KeyMap.cxx
                        SOURCE (0:5:2:0:1:14): plugins/scintilla/scintilla/KeyWords.cxx
                        SOURCE (0:5:2:0:1:15): plugins/scintilla/scintilla/LineMarker.cxx
                        SOURCE (0:5:2:0:1:16): plugins/scintilla/scintilla/PlatGTK.cxx
                        SOURCE (0:5:2:0:1:17): plugins/scintilla/scintilla/PropSet.cxx
                        SOURCE (0:5:2:0:1:18): plugins/scintilla/scintilla/RESearch.cxx
                        SOURCE (0:5:2:0:1:19): plugins/scintilla/scintilla/ScintillaBase.cxx
                        SOURCE (0:5:2:0:1:20): plugins/scintilla/scintilla/ScintillaGTK.cxx
                        SOURCE (0:5:2:0:1:21): plugins/scintilla/scintilla/Style.cxx
                        SOURCE (0:5:2:0:1:22): plugins/scintilla/scintilla/StyleContext.cxx
                        SOURCE (0:5:2:0:1:23): plugins/scintilla/scintilla/UniConversion.cxx
                        SOURCE (0:5:2:0:1:24): plugins/scintilla/scintilla/ViewStyle.cxx
                        SOURCE (0:5:2:0:1:25): plugins/scintilla/scintilla/WindowAccessor.cxx
                        SOURCE (0:5:2:0:1:26): plugins/scintilla/scintilla/AutoComplete.h
                        SOURCE (0:5:2:0:1:27): plugins/scintilla/scintilla/CallTip.h
                        SOURCE (0:5:2:0:1:28): plugins/scintilla/scintilla/CellBuffer.h
                        SOURCE (0:5:2:0:1:29): plugins/scintilla/scintilla/ContractionState.h
                        SOURCE (0:5:2:0:1:30): plugins/scintilla/scintilla/Document.h
                        SOURCE (0:5:2:0:1:31): plugins/scintilla/scintilla/DocumentAccessor.h
                        SOURCE (0:5:2:0:1:32): plugins/scintilla/scintilla/Editor.h
                        SOURCE (0:5:2:0:1:33): plugins/scintilla/scintilla/Indicator.h
                        SOURCE (0:5:2:0:1:34): plugins/scintilla/scintilla/KeyMap.h
                        SOURCE (0:5:2:0:1:35): plugins/scintilla/scintilla/LineMarker.h
                        SOURCE (0:5:2:0:1:36): plugins/scintilla/scintilla/RESearch.h
                        SOURCE (0:5:2:0:1:37): plugins/scintilla/scintilla/SVector.h
                        SOURCE (0:5:2:0:1:38): plugins/scintilla/scintilla/ScintillaBase.h
                        SOURCE (0:5:2:0:1:39): plugins/scintilla/scintilla/Style.h
                        SOURCE (0:5:2:0:1:40): plugins/scintilla/scintilla/UniConversion.h
                        SOURCE (0:5:2:0:1:41): plugins/scintilla/scintilla/ViewStyle.h
                        SOURCE (0:5:2:0:1:42): plugins/scintilla/scintilla/StyleContext.h
                        SOURCE (0:5:2:0:1:43): plugins/scintilla/scintilla/XPM.h
                        SOURCE (0:5:2:0:1:44): plugins/scintilla/scintilla/XPM.cxx
                        SOURCE (0:5:2:0:1:45): plugins/scintilla/scintilla/Decoration.h
                        SOURCE (0:5:2:0:1:46): plugins/scintilla/scintilla/Decoration.cxx
                        SOURCE (0:5:2:0:1:47): plugins/scintilla/scintilla/PositionCache.h
                        SOURCE (0:5:2:0:1:48): plugins/scintilla/scintilla/PositionCache.cxx
                        SOURCE (0:5:2:0:1:49): plugins/scintilla/scintilla/RunStyles.cxx
                        SOURCE (0:5:2:0:1:50): plugins/scintilla/scintilla/RunStyles.h
                        SOURCE (0:5:2:0:1:51): plugins/scintilla/scintilla/SplitVector.h
                        SOURCE (0:5:2:0:1:52): plugins/scintilla/scintilla/Partitioning.h
                        SOURCE (0:5:2:0:1:53): plugins/scintilla/scintilla/CharacterSet.h
                        SOURCE (0:5:2:0:1:54): plugins/scintilla/scintilla/scintilla-marshal.h
                        SOURCE (0:5:2:0:1:55): plugins/scintilla/scintilla/scintilla-marshal.c
                        SOURCE (0:5:2:0:1:56): plugins/scintilla/scintilla/$(LEXER_SRCS)
                    TARGET (0:5:2:0:2): test-scintilla
                        SOURCE (0:5:2:0:2:0): plugins/scintilla/scintilla/test-scintilla.cxx
                GROUP (0:5:2:1): properties
                    TARGET (0:5:2:1:0): anjuta.properties
                    TARGET (0:5:2:1:1): styles.properties
                    TARGET (0:5:2:1:2): user.properties
                TARGET (0:5:2:2): anjuta-editor-scintilla.glade
                TARGET (0:5:2:3): anjuta-editor-scintilla-plugin.svg
                TARGET (0:5:2:4): anjuta-editor-scintilla-plugin-48.png
                TARGET (0:5:2:5): $(plugin_in_files:.plugin.in=.plugin)
                TARGET (0:5:2:6): libanjuta-editor.la
                    SOURCE (0:5:2:6:0): plugins/scintilla/properties.cxx
                    SOURCE (0:5:2:6:1): plugins/scintilla/properties.h
                    SOURCE (0:5:2:6:2): plugins/scintilla/properties_cxx.h
                    SOURCE (0:5:2:6:3): plugins/scintilla/aneditor.h
                    SOURCE (0:5:2:6:4): plugins/scintilla/aneditor-priv.h
                    SOURCE (0:5:2:6:5): plugins/scintilla/aneditor.cxx
                    SOURCE (0:5:2:6:6): plugins/scintilla/aneditor-autocomplete.cxx
                    SOURCE (0:5:2:6:7): plugins/scintilla/aneditor-calltip.cxx
                    SOURCE (0:5:2:6:8): plugins/scintilla/aneditor-indent.cxx
                    SOURCE (0:5:2:6:9): plugins/scintilla/text_editor_prefs.c
                    SOURCE (0:5:2:6:10): plugins/scintilla/text_editor_prefs.h
                    SOURCE (0:5:2:6:11): plugins/scintilla/text_editor.c
                    SOURCE (0:5:2:6:12): plugins/scintilla/text_editor.h
                    SOURCE (0:5:2:6:13): plugins/scintilla/text_editor_cbs.c
                    SOURCE (0:5:2:6:14): plugins/scintilla/text_editor_cbs.h
                    SOURCE (0:5:2:6:15): plugins/scintilla/text-editor-iterable.c
                    SOURCE (0:5:2:6:16): plugins/scintilla/text-editor-iterable.h
                    SOURCE (0:5:2:6:17): plugins/scintilla/lexer.h
                    SOURCE (0:5:2:6:18): plugins/scintilla/plugin.c
                    SOURCE (0:5:2:6:19): plugins/scintilla/plugin.h
                    SOURCE (0:5:2:6:20): plugins/scintilla/style-editor.c
                    SOURCE (0:5:2:6:21): plugins/scintilla/style-editor.h
                    SOURCE (0:5:2:6:22): plugins/scintilla/print.c
                    SOURCE (0:5:2:6:23): plugins/scintilla/print.h
                    SOURCE (0:5:2:6:24): plugins/scintilla/anjuta-bookmark-16.xpm
                    SOURCE (0:5:2:6:25): plugins/scintilla/anjuta-breakpoint-disabled-16.xpm
                    SOURCE (0:5:2:6:26): plugins/scintilla/anjuta-breakpoint-enabled-16.xpm
                    SOURCE (0:5:2:6:27): plugins/scintilla/anjuta-pcmark-16.xpm
                    SOURCE (0:5:2:6:28): plugins/scintilla/anjuta-linemark-16.xpm
            GROUP (0:5:3): gdb
                GROUP (0:5:3:0): images
                    TARGET (0:5:3:0:0): breakpoint.png
                    TARGET (0:5:3:0:1): locals.png
                    TARGET (0:5:3:0:2): stack.png
                TARGET (0:5:3:1): anjuta-gdb.glade
                TARGET (0:5:3:2): gdb.init
                TARGET (0:5:3:3): anjuta-gdb.plugin.png
                TARGET (0:5:3:4): pointer.png
                TARGET (0:5:3:5): $(plugin_in_files:.plugin.in=.plugin)
                TARGET (0:5:3:6): libanjuta-gdb.la
                    SOURCE (0:5:3:6:0): plugins/gdb/gdbmi.c
                    SOURCE (0:5:3:6:1): plugins/gdb/gdbmi.h
                    SOURCE (0:5:3:6:2): plugins/gdb/debugger.c
                    SOURCE (0:5:3:6:3): plugins/gdb/debugger.h
                    SOURCE (0:5:3:6:4): plugins/gdb/plugin.c
                    SOURCE (0:5:3:6:5): plugins/gdb/plugin.h
                    SOURCE (0:5:3:6:6): plugins/gdb/utilities.c
                    SOURCE (0:5:3:6:7): plugins/gdb/utilities.h
                TARGET (0:5:3:7): gdbmi-test
                    SOURCE (0:5:3:7:0): plugins/gdb/gdbmi-test.c
            GROUP (0:5:4): debug-manager
                GROUP (0:5:4:0): images
                TARGET (0:5:4:1): anjuta-debug-manager.glade
                TARGET (0:5:4:2): anjuta-debug-manager.ui
                TARGET (0:5:4:3): $(plugin_in_files:.plugin.in=.plugin)
                TARGET (0:5:4:4): libanjuta-debug-manager.la
                    SOURCE (0:5:4:4:0): plugins/debug-manager/$(BUILT_SOURCES)
                    SOURCE (0:5:4:4:1): plugins/debug-manager/plugin.c
                    SOURCE (0:5:4:4:2): plugins/debug-manager/plugin.h
                    SOURCE (0:5:4:4:3): plugins/debug-manager/start.c
                    SOURCE (0:5:4:4:4): plugins/debug-manager/start.h
                    SOURCE (0:5:4:4:5): plugins/debug-manager/utilities.c
                    SOURCE (0:5:4:4:6): plugins/debug-manager/utilities.h
                    SOURCE (0:5:4:4:7): plugins/debug-manager/breakpoints.c
                    SOURCE (0:5:4:4:8): plugins/debug-manager/breakpoints.h
                    SOURCE (0:5:4:4:9): plugins/debug-manager/watch.c
                    SOURCE (0:5:4:4:10): plugins/debug-manager/watch.h
                    SOURCE (0:5:4:4:11): plugins/debug-manager/debug_tree.c
                    SOURCE (0:5:4:4:12): plugins/debug-manager/debug_tree.h
                    SOURCE (0:5:4:4:13): plugins/debug-manager/locals.c
                    SOURCE (0:5:4:4:14): plugins/debug-manager/locals.h
                    SOURCE (0:5:4:4:15): plugins/debug-manager/stack_trace.c
                    SOURCE (0:5:4:4:16): plugins/debug-manager/stack_trace.h
                    SOURCE (0:5:4:4:17): plugins/debug-manager/signals.c
                    SOURCE (0:5:4:4:18): plugins/debug-manager/signals.h
                    SOURCE (0:5:4:4:19): plugins/debug-manager/sharedlib.c
                    SOURCE (0:5:4:4:20): plugins/debug-manager/sharedlib.h
                    SOURCE (0:5:4:4:21): plugins/debug-manager/registers.c
                    SOURCE (0:5:4:4:22): plugins/debug-manager/registers.h
                    SOURCE (0:5:4:4:23): plugins/debug-manager/memory.c
                    SOURCE (0:5:4:4:24): plugins/debug-manager/memory.h
                    SOURCE (0:5:4:4:25): plugins/debug-manager/info.c
                    SOURCE (0:5:4:4:26): plugins/debug-manager/info.h
                    SOURCE (0:5:4:4:27): plugins/debug-manager/queue.c
                    SOURCE (0:5:4:4:28): plugins/debug-manager/queue.h
                    SOURCE (0:5:4:4:29): plugins/debug-manager/data_view.c
                    SOURCE (0:5:4:4:30): plugins/debug-manager/data_view.h
                    SOURCE (0:5:4:4:31): plugins/debug-manager/chunk_view.c
                    SOURCE (0:5:4:4:32): plugins/debug-manager/chunk_view.h
                    SOURCE (0:5:4:4:33): plugins/debug-manager/data_buffer.c
                    SOURCE (0:5:4:4:34): plugins/debug-manager/data_buffer.h
                    SOURCE (0:5:4:4:35): plugins/debug-manager/disassemble.c
                    SOURCE (0:5:4:4:36): plugins/debug-manager/disassemble.h
                    SOURCE (0:5:4:4:37): plugins/debug-manager/sexy-icon-entry.h
                    SOURCE (0:5:4:4:38): plugins/debug-manager/sexy-icon-entry.c
                    SOURCE (0:5:4:4:39): plugins/debug-manager/sparse_buffer.c
                    SOURCE (0:5:4:4:40): plugins/debug-manager/sparse_buffer.h
                    SOURCE (0:5:4:4:41): plugins/debug-manager/sparse_view.c
                    SOURCE (0:5:4:4:42): plugins/debug-manager/sparse_view.h
                    SOURCE (0:5:4:4:43): plugins/debug-manager/threads.c
                    SOURCE (0:5:4:4:44): plugins/debug-manager/threads.h
                    SOURCE (0:5:4:4:45): plugins/debug-manager/command.c
                    SOURCE (0:5:4:4:46): plugins/debug-manager/command.h
                    SOURCE (0:5:4:4:47): plugins/debug-manager/variable.c
                    SOURCE (0:5:4:4:48): plugins/debug-manager/variable.h
            GROUP (0:5:5): file-manager
                TARGET (0:5:5:0): file-manager.glade
                TARGET (0:5:5:1): file-manager.ui
                TARGET (0:5:5:2): anjuta-file-manager-plugin.svg
                TARGET (0:5:5:3): anjuta-file-manager-plugin-48.png
                TARGET (0:5:5:4): vcs-added.png
                TARGET (0:5:5:5): vcs-conflict.png
                TARGET (0:5:5:6): vcs-deleted.png
                TARGET (0:5:5:7): vcs-ignored.png
                TARGET (0:5:5:8): vcs-modified.png
                TARGET (0:5:5:9): vcs-unversioned.png
                TARGET (0:5:5:10): vcs-updated.png
                TARGET (0:5:5:11): $(plugin_in_files:.plugin.in=.plugin)
                TARGET (0:5:5:12): libfile-manager.la
                    SOURCE (0:5:5:12:0): plugins/file-manager/plugin.c
                    SOURCE (0:5:5:12:1): plugins/file-manager/plugin.h
                    SOURCE (0:5:5:12:2): plugins/file-manager/file-view-marshal.h
                    SOURCE (0:5:5:12:3): plugins/file-manager/file-view-marshal.c
                    SOURCE (0:5:5:12:4): plugins/file-manager/file-view.h
                    SOURCE (0:5:5:12:5): plugins/file-manager/file-view.c
                    SOURCE (0:5:5:12:6): plugins/file-manager/file-model.c
                    SOURCE (0:5:5:12:7): plugins/file-manager/file-model.h
            GROUP (0:5:6): terminal
                TARGET (0:5:6:0): anjuta-terminal-plugin.glade
                TARGET (0:5:6:1): anjuta-terminal-plugin.ui
                TARGET (0:5:6:2): anjuta-terminal-plugin.svg
                TARGET (0:5:6:3): anjuta-terminal-plugin-48.png
                TARGET (0:5:6:4): $(plugin_in_files:.plugin.in=.plugin)
                TARGET (0:5:6:5): libanjuta-terminal.la
                    SOURCE (0:5:6:5:0): plugins/terminal/terminal.c
            GROUP (0:5:7): build-basic-autotools
                TARGET (0:5:7:0): anjuta-build-basic-autotools-plugin.glade
                TARGET (0:5:7:1): anjuta-build-basic-autotools-plugin.ui
                TARGET (0:5:7:2): anjuta-build-basic-autotools-plugin-48.png
                TARGET (0:5:7:3): anjuta-build-basic-autotools-plugin.svg
                TARGET (0:5:7:4): anjuta-build-16.png
                TARGET (0:5:7:5): anjuta-build-24.png
                TARGET (0:5:7:6): $(plugin_in_files:.plugin.in=.plugin)
                TARGET (0:5:7:7): automake-c.filters
                TARGET (0:5:7:8): libanjuta-build-basic-autotools.la
                    SOURCE (0:5:7:8:0): plugins/build-basic-autotools/plugin.c
                    SOURCE (0:5:7:8:1): plugins/build-basic-autotools/plugin.h
                    SOURCE (0:5:7:8:2): plugins/build-basic-autotools/executer.c
                    SOURCE (0:5:7:8:3): plugins/build-basic-autotools/executer.h
                    SOURCE (0:5:7:8:4): plugins/build-basic-autotools/build-options.c
                    SOURCE (0:5:7:8:5): plugins/build-basic-autotools/build-options.h
                    SOURCE (0:5:7:8:6): plugins/build-basic-autotools/configuration-list.c
                    SOURCE (0:5:7:8:7): plugins/build-basic-autotools/configuration-list.h
                    SOURCE (0:5:7:8:8): plugins/build-basic-autotools/program.c
                    SOURCE (0:5:7:8:9): plugins/build-basic-autotools/program.h
            GROUP (0:5:8): file-loader
                TARGET (0:5:8:0): anjuta-loader-plugin.ui
                TARGET (0:5:8:1): anjuta-loader-plugin.svg
                TARGET (0:5:8:2): anjuta-loader-plugin-48.png
                TARGET (0:5:8:3): $(plugin_in_files:.plugin.in=.plugin)
                TARGET (0:5:8:4): libanjuta-loader.la
                    SOURCE (0:5:8:4:0): plugins/file-loader/plugin.c
                    SOURCE (0:5:8:4:1): plugins/file-loader/plugin.h
                    SOURCE (0:5:8:4:2): plugins/file-loader/dnd.c
                    SOURCE (0:5:8:4:3): plugins/file-loader/dnd.h
                    SOURCE (0:5:8:4:4): plugins/file-loader/anjuta-recent-chooser-menu.c
                    SOURCE (0:5:8:4:5): plugins/file-loader/anjuta-recent-chooser-menu.h
            GROUP (0:5:9): file-wizard
                TARGET (0:5:9:0): anjuta-file-wizard.glade
                TARGET (0:5:9:1): anjuta-file-wizard-plugin.png
                TARGET (0:5:9:2): $(plugin_in_files:.plugin.in=.plugin)
                TARGET (0:5:9:3): libanjuta-file-wizard.la
                    SOURCE (0:5:9:3:0): plugins/file-wizard/file.c
                    SOURCE (0:5:9:3:1): plugins/file-wizard/file.h
                    SOURCE (0:5:9:3:2): plugins/file-wizard/plugin.c
                    SOURCE (0:5:9:3:3): plugins/file-wizard/plugin.h
            GROUP (0:5:10): project-wizard
                GROUP (0:5:10:0): templates
                    GROUP (0:5:10:0:0): minimal
                        TARGET (0:5:10:0:0:0): autogen.sh
                        TARGET (0:5:10:0:0:1): configure.ac.tpl
                        TARGET (0:5:10:0:0:2): Makefile.am.tpl
                        TARGET (0:5:10:0:0:3): project.anjuta
                    GROUP (0:5:10:0:1): terminal
                        GROUP (0:5:10:0:1:0): src
                            TARGET (0:5:10:0:1:0:0): main.c
                            TARGET (0:5:10:0:1:0:1): Makefile.am.tpl
                            TARGET (0:5:10:0:1:0:2): cvsignore
                        GROUP (0:5:10:0:1:1): po
                            TARGET (0:5:10:0:1:1:0): ChangeLog
                            TARGET (0:5:10:0:1:1:1): POTFILES.in
                            TARGET (0:5:10:0:1:1:2): LINGUAS
                            TARGET (0:5:10:0:1:1:3): cvsignore
                        TARGET (0:5:10:0:1:2): AUTHORS
                        TARGET (0:5:10:0:1:3): ChangeLog
                        TARGET (0:5:10:0:1:4): autogen.sh
                        TARGET (0:5:10:0:1:5): configure.ac.tpl
                        TARGET (0:5:10:0:1:6): Makefile.am.tpl
                        TARGET (0:5:10:0:1:7): NEWS
                        TARGET (0:5:10:0:1:8): project.anjuta
                        TARGET (0:5:10:0:1:9): README
                        TARGET (0:5:10:0:1:10): cvsignore
                    GROUP (0:5:10:0:2): cpp
                        GROUP (0:5:10:0:2:0): src
                            TARGET (0:5:10:0:2:0:0): main.cc
                            TARGET (0:5:10:0:2:0:1): Makefile.am.tpl
                            TARGET (0:5:10:0:2:0:2): cvsignore
                        GROUP (0:5:10:0:2:1): po
                            TARGET (0:5:10:0:2:1:0): POTFILES.in
                        TARGET (0:5:10:0:2:2): configure.ac.tpl
                    GROUP (0:5:10:0:3): gtk
                        GROUP (0:5:10:0:3:0): src
                            TARGET (0:5:10:0:3:0:0): main.c
                            TARGET (0:5:10:0:3:0:1): callbacks.c
                            TARGET (0:5:10:0:3:0:2): callbacks.h
                            TARGET (0:5:10:0:3:0:3): Makefile.am.tpl
                            TARGET (0:5:10:0:3:0:4): project.glade
                        GROUP (0:5:10:0:3:1): po
                            TARGET (0:5:10:0:3:1:0): POTFILES.in
                    GROUP (0:5:10:0:4): anjuta-plugin
                        GROUP (0:5:10:0:4:0): src
                            TARGET (0:5:10:0:4:0:0): Makefile.am.tpl
                            TARGET (0:5:10:0:4:0:1): plugin.c
                            TARGET (0:5:10:0:4:0:2): plugin.glade
                            TARGET (0:5:10:0:4:0:3): plugin.h
                            TARGET (0:5:10:0:4:0:4): plugin.plugin.in
                            TARGET (0:5:10:0:4:0:5): plugin.ui
                        GROUP (0:5:10:0:4:1): po
                            TARGET (0:5:10:0:4:1:0): POTFILES.in
                        TARGET (0:5:10:0:4:2): configure.ac.tpl
                    GROUP (0:5:10:0:5): anjuta-plugin-vala
                        GROUP (0:5:10:0:5:0): src
                            TARGET (0:5:10:0:5:0:0): Makefile.am.tpl
                            TARGET (0:5:10:0:5:0:1): plugin.vala
                            TARGET (0:5:10:0:5:0:2): config.vapi
                        GROUP (0:5:10:0:5:1): po
                            TARGET (0:5:10:0:5:1:0): POTFILES.in
                        TARGET (0:5:10:0:5:2): configure.ac.tpl
                    GROUP (0:5:10:0:6): gtkmm
                        GROUP (0:5:10:0:6:0): src
                            TARGET (0:5:10:0:6:0:0): main.cc
                            TARGET (0:5:10:0:6:0:1): Makefile.am.tpl
                            TARGET (0:5:10:0:6:0:2): project.glade
                        GROUP (0:5:10:0:6:1): po
                            TARGET (0:5:10:0:6:1:0): POTFILES.in
                    GROUP (0:5:10:0:7): wxwin
                        GROUP (0:5:10:0:7:0): src
                            TARGET (0:5:10:0:7:0:0): main.cc
                            TARGET (0:5:10:0:7:0:1): Makefile.am.tpl
                        GROUP (0:5:10:0:7:1): po
                            TARGET (0:5:10:0:7:1:0): POTFILES.in
                        TARGET (0:5:10:0:7:2): configure.ac.tpl
                    GROUP (0:5:10:0:8): xlib
                        GROUP (0:5:10:0:8:0): src
                            TARGET (0:5:10:0:8:0:0): main.c
                            TARGET (0:5:10:0:8:0:1): Makefile.am.tpl
                        GROUP (0:5:10:0:8:1): po
                            TARGET (0:5:10:0:8:1:0): POTFILES.in
                        TARGET (0:5:10:0:8:2): configure.ac.tpl
                    GROUP (0:5:10:0:9): xlib-dock
                        GROUP (0:5:10:0:9:0): src
                            TARGET (0:5:10:0:9:0:0): main.c
                            TARGET (0:5:10:0:9:0:1): wmgeneral.c
                            TARGET (0:5:10:0:9:0:2): wmgeneral.h
                            TARGET (0:5:10:0:9:0:3): pixmaps.h
                            TARGET (0:5:10:0:9:0:4): Makefile.am.tpl
                        GROUP (0:5:10:0:9:1): po
                            TARGET (0:5:10:0:9:1:0): POTFILES.in
                    GROUP (0:5:10:0:10): gcj
                        GROUP (0:5:10:0:10:0): src
                            TARGET (0:5:10:0:10:0:0): Makefile.am.tpl
                        TARGET (0:5:10:0:10:1): configure.ac.tpl
                    GROUP (0:5:10:0:11): java
                        GROUP (0:5:10:0:11:0): src
                            TARGET (0:5:10:0:11:0:0): main.java
                            TARGET (0:5:10:0:11:0:1): Makefile.am.tpl
                        GROUP (0:5:10:0:11:1): po
                            TARGET (0:5:10:0:11:1:0): POTFILES.in
                        TARGET (0:5:10:0:11:2): configure.ac.tpl
                        TARGET (0:5:10:0:11:3): project.anjuta
                    GROUP (0:5:10:0:12): gnome-applet
                        GROUP (0:5:10:0:12:0): src
                            TARGET (0:5:10:0:12:0:0): main.c
                            TARGET (0:5:10:0:12:0:1): Makefile.am.tpl
                            TARGET (0:5:10:0:12:0:2): GNOME_Applet.server.in.in
                        GROUP (0:5:10:0:12:1): po
                            TARGET (0:5:10:0:12:1:0): POTFILES.in
                        TARGET (0:5:10:0:12:2): configure.ac.tpl
                        TARGET (0:5:10:0:12:3): autogen.sh
                        TARGET (0:5:10:0:12:4): Makefile.am.tpl
                        TARGET (0:5:10:0:12:5): HACKING
                    GROUP (0:5:10:0:13): python
                        GROUP (0:5:10:0:13:0): src
                            TARGET (0:5:10:0:13:0:0): main.py
                            TARGET (0:5:10:0:13:0:1): Makefile.am.tpl
                        GROUP (0:5:10:0:13:1): po
                            TARGET (0:5:10:0:13:1:0): POTFILES.in
                        TARGET (0:5:10:0:13:2): configure.ac.tpl
                        TARGET (0:5:10:0:13:3): project.anjuta
                    GROUP (0:5:10:0:14): mkfile
                        GROUP (0:5:10:0:14:0): src
                            TARGET (0:5:10:0:14:0:0): Makefile.tpl
                            TARGET (0:5:10:0:14:0:1): main.c
                        GROUP (0:5:10:0:14:1): po
                            TARGET (0:5:10:0:14:1:0): ChangeLog
                            TARGET (0:5:10:0:14:1:1): POTFILES.in
                        TARGET (0:5:10:0:14:2): project.anjuta
                    GROUP (0:5:10:0:15): sdl
                        GROUP (0:5:10:0:15:0): src
                            TARGET (0:5:10:0:15:0:0): main.c
                            TARGET (0:5:10:0:15:0:1): Makefile.am.tpl
                        GROUP (0:5:10:0:15:1): po
                            TARGET (0:5:10:0:15:1:0): POTFILES.in
                        TARGET (0:5:10:0:15:2): configure.ac.tpl
                        TARGET (0:5:10:0:15:3): acinclude.m4.tpl
                    GROUP (0:5:10:0:16): licenses
                        TARGET (0:5:10:0:16:0): BSD
                        TARGET (0:5:10:0:16:1): GPL
                        TARGET (0:5:10:0:16:2): LGPL
                        TARGET (0:5:10:0:16:3): None
                    GROUP (0:5:10:0:17): m4
                        TARGET (0:5:10:0:17:0): as-ac-expand.m4
                    TARGET (0:5:10:0:18): minimal.wiz
                    TARGET (0:5:10:0:19): terminal.wiz
                    TARGET (0:5:10:0:20): terminal-logo.png
                    TARGET (0:5:10:0:21): cpp.wiz
                    TARGET (0:5:10:0:22): cpp-logo.png
                    TARGET (0:5:10:0:23): django.wiz
                    TARGET (0:5:10:0:24): django-logo.png
                    TARGET (0:5:10:0:25): gtk.wiz
                    TARGET (0:5:10:0:26): gtk-logo.png
                    TARGET (0:5:10:0:27): anjuta-plugin.wiz
                    TARGET (0:5:10:0:28): anjuta-plugin-vala.wiz
                    TARGET (0:5:10:0:29): anjuta-plugin-logo.png
                    TARGET (0:5:10:0:30): gnome-logo.png
                    TARGET (0:5:10:0:31): gtkmm.wiz
                    TARGET (0:5:10:0:32): gtkmm-logo.png
                    TARGET (0:5:10:0:33): wxwin.wiz
                    TARGET (0:5:10:0:34): wxwin-logo.png
                    TARGET (0:5:10:0:35): xlib.wiz
                    TARGET (0:5:10:0:36): xlib-dock.wiz
                    TARGET (0:5:10:0:37): xlib-logo.png
                    TARGET (0:5:10:0:38): gcj.wiz
                    TARGET (0:5:10:0:39): gcj-logo.png
                    TARGET (0:5:10:0:40): java.wiz
                    TARGET (0:5:10:0:41): java-logo.png
                    TARGET (0:5:10:0:42): python.wiz
                    TARGET (0:5:10:0:43): python-logo.png
                    TARGET (0:5:10:0:44): mkfile.wiz
                    TARGET (0:5:10:0:45): mkfile-logo.png
                    TARGET (0:5:10:0:46): sdl.wiz
                    TARGET (0:5:10:0:47): appwiz_sdl.png
                    TARGET (0:5:10:0:48): gnome-applet.wiz
                TARGET (0:5:10:1): anjuta-project-wizard.ui
                TARGET (0:5:10:2): applogo.png
                TARGET (0:5:10:3): appwizard.png
                TARGET (0:5:10:4): anjuta-project-wizard-plugin.svg
                TARGET (0:5:10:5): anjuta-project-wizard-plugin-48.png
                TARGET (0:5:10:6): $(plugin_in_files:.plugin.in=.plugin)
                TARGET (0:5:10:7): libanjuta-project-wizard.la
                    SOURCE (0:5:10:7:0): plugins/project-wizard/plugin.c
                    SOURCE (0:5:10:7:1): plugins/project-wizard/plugin.h
                    SOURCE (0:5:10:7:2): plugins/project-wizard/druid.c
                    SOURCE (0:5:10:7:3): plugins/project-wizard/druid.h
                    SOURCE (0:5:10:7:4): plugins/project-wizard/header.c
                    SOURCE (0:5:10:7:5): plugins/project-wizard/header.h
                    SOURCE (0:5:10:7:6): plugins/project-wizard/property.c
                    SOURCE (0:5:10:7:7): plugins/project-wizard/property.h
                    SOURCE (0:5:10:7:8): plugins/project-wizard/values.c
                    SOURCE (0:5:10:7:9): plugins/project-wizard/values.h
                    SOURCE (0:5:10:7:10): plugins/project-wizard/file.c
                    SOURCE (0:5:10:7:11): plugins/project-wizard/file.h
                    SOURCE (0:5:10:7:12): plugins/project-wizard/action.c
                    SOURCE (0:5:10:7:13): plugins/project-wizard/action.h
                    SOURCE (0:5:10:7:14): plugins/project-wizard/parser.c
                    SOURCE (0:5:10:7:15): plugins/project-wizard/parser.h
                    SOURCE (0:5:10:7:16): plugins/project-wizard/install.c
                    SOURCE (0:5:10:7:17): plugins/project-wizard/install.h
                    SOURCE (0:5:10:7:18): plugins/project-wizard/autogen.c
                    SOURCE (0:5:10:7:19): plugins/project-wizard/autogen.h
            GROUP (0:5:11): project-manager
                TARGET (0:5:11:0): anjuta-project-manager.ui
                TARGET (0:5:11:1): create_dialogs.glade
                TARGET (0:5:11:2): anjuta-project-manager-plugin.svg
                TARGET (0:5:11:3): anjuta-project-manager-plugin-48.png
                TARGET (0:5:11:4): gbf-build.png
                TARGET (0:5:11:5): gbf-install.png
                TARGET (0:5:11:6): $(plugin_in_files:.plugin.in=.plugin)
                TARGET (0:5:11:7): libanjuta-project-manager.la
                    SOURCE (0:5:11:7:0): plugins/project-manager/plugin.c
                    SOURCE (0:5:11:7:1): plugins/project-manager/plugin.h
                    SOURCE (0:5:11:7:2): plugins/project-manager/gbf-tree-data.h
                    SOURCE (0:5:11:7:3): plugins/project-manager/gbf-tree-data.c
                    SOURCE (0:5:11:7:4): plugins/project-manager/gbf-project-model.h
                    SOURCE (0:5:11:7:5): plugins/project-manager/gbf-project-model.c
                    SOURCE (0:5:11:7:6): plugins/project-manager/gbf-project-view.h
                    SOURCE (0:5:11:7:7): plugins/project-manager/gbf-project-view.c
                    SOURCE (0:5:11:7:8): plugins/project-manager/gbf-project-util.h
                    SOURCE (0:5:11:7:9): plugins/project-manager/gbf-project-util.c
            GROUP (0:5:12): sample1
                TARGET (0:5:12:0): anjuta-sample.ui
                TARGET (0:5:12:1): anjuta-sample-plugin.svg
                TARGET (0:5:12:2): anjuta-sample-plugin-48.png
                TARGET (0:5:12:3): $(plugin_in_files:.plugin.in=.plugin)
                TARGET (0:5:12:4): libanjuta-sample.la
                    SOURCE (0:5:12:4:0): plugins/sample1/plugin.c
                    SOURCE (0:5:12:4:1): plugins/sample1/plugin.h
            GROUP (0:5:13): cvs-plugin
                TARGET (0:5:13:0): anjuta-cvs-plugin.glade
                TARGET (0:5:13:1): anjuta-cvs-plugin.svg
                TARGET (0:5:13:2): anjuta-cvs-plugin-48.png
                TARGET (0:5:13:3): anjuta-cvs.ui
                TARGET (0:5:13:4): $(plugin_in_files:.plugin.in=.plugin)
                TARGET (0:5:13:5): libanjuta-cvs-plugin.la
                    SOURCE (0:5:13:5:0): plugins/cvs-plugin/plugin.c
                    SOURCE (0:5:13:5:1): plugins/cvs-plugin/plugin.h
                    SOURCE (0:5:13:5:2): plugins/cvs-plugin/cvs-actions.c
                    SOURCE (0:5:13:5:3): plugins/cvs-plugin/cvs-actions.h
                    SOURCE (0:5:13:5:4): plugins/cvs-plugin/cvs-execute.c
                    SOURCE (0:5:13:5:5): plugins/cvs-plugin/cvs-execute.h
                    SOURCE (0:5:13:5:6): plugins/cvs-plugin/cvs-callbacks.c
                    SOURCE (0:5:13:5:7): plugins/cvs-plugin/cvs-callbacks.h
                    SOURCE (0:5:13:5:8): plugins/cvs-plugin/cvs-interface.c
                    SOURCE (0:5:13:5:9): plugins/cvs-plugin/cvs-interface.h
            GROUP (0:5:14): macro
                TARGET (0:5:14:0): anjuta-macro.glade
                TARGET (0:5:14:1): macros.xml
                TARGET (0:5:14:2): anjuta-macro.png
                TARGET (0:5:14:3): anjuta-macro.ui
                TARGET (0:5:14:4): $(plugin_in_files:.plugin.in=.plugin)
                TARGET (0:5:14:5): libanjuta-macro.la
                    SOURCE (0:5:14:5:0): plugins/macro/plugin.c
                    SOURCE (0:5:14:5:1): plugins/macro/plugin.h
                    SOURCE (0:5:14:5:2): plugins/macro/macro-actions.c
                    SOURCE (0:5:14:5:3): plugins/macro/macro-actions.h
                    SOURCE (0:5:14:5:4): plugins/macro/macro-db.c
                    SOURCE (0:5:14:5:5): plugins/macro/macro-db.h
                    SOURCE (0:5:14:5:6): plugins/macro/macro-dialog.c
                    SOURCE (0:5:14:5:7): plugins/macro/macro-dialog.h
                    SOURCE (0:5:14:5:8): plugins/macro/macro-edit.c
                    SOURCE (0:5:14:5:9): plugins/macro/macro-edit.h
                    SOURCE (0:5:14:5:10): plugins/macro/macro-util.c
                    SOURCE (0:5:14:5:11): plugins/macro/macro-util.h
            GROUP (0:5:15): class-gen
                GROUP (0:5:15:0): templates
                    TARGET (0:5:15:0:0): cc-header.tpl
                    TARGET (0:5:15:0:1): cc-source.tpl
                    TARGET (0:5:15:0:2): go-header.tpl
                    TARGET (0:5:15:0:3): go-source.tpl
                TARGET (0:5:15:1): anjuta-class-gen-plugin.glade
                TARGET (0:5:15:2): class_logo.xpm
                TARGET (0:5:15:3): $(plugin_in_files:.plugin.in=.plugin)
                TARGET (0:5:15:4): libanjuta-class-gen.la
                    SOURCE (0:5:15:4:0): plugins/class-gen/cell-renderer-flags.h
                    SOURCE (0:5:15:4:1): plugins/class-gen/cell-renderer-flags.c
                    SOURCE (0:5:15:4:2): plugins/class-gen/combo-flags.h
                    SOURCE (0:5:15:4:3): plugins/class-gen/combo-flags.c
                    SOURCE (0:5:15:4:4): plugins/class-gen/element-editor.c
                    SOURCE (0:5:15:4:5): plugins/class-gen/element-editor.h
                    SOURCE (0:5:15:4:6): plugins/class-gen/generator.c
                    SOURCE (0:5:15:4:7): plugins/class-gen/generator.h
                    SOURCE (0:5:15:4:8): plugins/class-gen/plugin.c
                    SOURCE (0:5:15:4:9): plugins/class-gen/plugin.h
                    SOURCE (0:5:15:4:10): plugins/class-gen/transform.c
                    SOURCE (0:5:15:4:11): plugins/class-gen/transform.h
                    SOURCE (0:5:15:4:12): plugins/class-gen/validator.c
                    SOURCE (0:5:15:4:13): plugins/class-gen/validator.h
                    SOURCE (0:5:15:4:14): plugins/class-gen/window.c
                    SOURCE (0:5:15:4:15): plugins/class-gen/window.h
            GROUP (0:5:16): patch
                TARGET (0:5:16:0): anjuta-patch.ui
                TARGET (0:5:16:1): patch-plugin.glade
                TARGET (0:5:16:2): anjuta-patch-plugin.svg
                TARGET (0:5:16:3): anjuta-patch-plugin-48.png
                TARGET (0:5:16:4): $(plugin_in_files:.plugin.in=.plugin)
                TARGET (0:5:16:5): libanjuta-patch.la
                    SOURCE (0:5:16:5:0): plugins/patch/plugin.c
                    SOURCE (0:5:16:5:1): plugins/patch/plugin.h
                    SOURCE (0:5:16:5:2): plugins/patch/patch-plugin.c
                    SOURCE (0:5:16:5:3): plugins/patch/patch-plugin.h
            GROUP (0:5:17): subversion
                TARGET (0:5:17:0): anjuta-subversion.glade
                TARGET (0:5:17:1): anjuta-subversion-plugin.svg
                TARGET (0:5:17:2): anjuta-subversion-plugin-48.png
                TARGET (0:5:17:3): anjuta-subversion.ui
                TARGET (0:5:17:4): $(plugin_in_files:.plugin.in=.plugin)
                TARGET (0:5:17:5): libanjuta-subversion.la
                    SOURCE (0:5:17:5:0): plugins/subversion/plugin.c
                    SOURCE (0:5:17:5:1): plugins/subversion/plugin.h
                    SOURCE (0:5:17:5:2): plugins/subversion/svn-diff-command.h
                    SOURCE (0:5:17:5:3): plugins/subversion/svn-diff-command.c
                    SOURCE (0:5:17:5:4): plugins/subversion/svn-command.h
                    SOURCE (0:5:17:5:5): plugins/subversion/svn-command.c
                    SOURCE (0:5:17:5:6): plugins/subversion/svn-update-command.h
                    SOURCE (0:5:17:5:7): plugins/subversion/svn-update-command.c
                    SOURCE (0:5:17:5:8): plugins/subversion/svn-remove-command.h
                    SOURCE (0:5:17:5:9): plugins/subversion/svn-remove-command.c
                    SOURCE (0:5:17:5:10): plugins/subversion/svn-add-command.h
                    SOURCE (0:5:17:5:11): plugins/subversion/svn-add-command.c
                    SOURCE (0:5:17:5:12): plugins/subversion/svn-commit-command.h
                    SOURCE (0:5:17:5:13): plugins/subversion/svn-commit-command.c
                    SOURCE (0:5:17:5:14): plugins/subversion/svn-status.h
                    SOURCE (0:5:17:5:15): plugins/subversion/svn-status.c
                    SOURCE (0:5:17:5:16): plugins/subversion/svn-status-command.h
                    SOURCE (0:5:17:5:17): plugins/subversion/svn-status-command.c
                    SOURCE (0:5:17:5:18): plugins/subversion/subversion-ui-utils.h
                    SOURCE (0:5:17:5:19): plugins/subversion/subversion-ui-utils.c
                    SOURCE (0:5:17:5:20): plugins/subversion/subversion-revert-dialog.c
                    SOURCE (0:5:17:5:21): plugins/subversion/svn-revert-command.h
                    SOURCE (0:5:17:5:22): plugins/subversion/svn-revert-command.c
                    SOURCE (0:5:17:5:23): plugins/subversion/subversion-revert-dialog.h
                    SOURCE (0:5:17:5:24): plugins/subversion/subversion-commit-dialog.h
                    SOURCE (0:5:17:5:25): plugins/subversion/subversion-commit-dialog.c
                    SOURCE (0:5:17:5:26): plugins/subversion/subversion-update-dialog.h
                    SOURCE (0:5:17:5:27): plugins/subversion/subversion-update-dialog.c
                    SOURCE (0:5:17:5:28): plugins/subversion/subversion-diff-dialog.h
                    SOURCE (0:5:17:5:29): plugins/subversion/subversion-diff-dialog.c
                    SOURCE (0:5:17:5:30): plugins/subversion/subversion-add-dialog.h
                    SOURCE (0:5:17:5:31): plugins/subversion/subversion-add-dialog.c
                    SOURCE (0:5:17:5:32): plugins/subversion/subversion-remove-dialog.h
                    SOURCE (0:5:17:5:33): plugins/subversion/subversion-remove-dialog.c
                    SOURCE (0:5:17:5:34): plugins/subversion/svn-log-entry.h
                    SOURCE (0:5:17:5:35): plugins/subversion/svn-log-entry.c
                    SOURCE (0:5:17:5:36): plugins/subversion/svn-log-command.h
                    SOURCE (0:5:17:5:37): plugins/subversion/svn-log-command.c
                    SOURCE (0:5:17:5:38): plugins/subversion/subversion-log-dialog.h
                    SOURCE (0:5:17:5:39): plugins/subversion/subversion-log-dialog.c
                    SOURCE (0:5:17:5:40): plugins/subversion/svn-cat-command.h
                    SOURCE (0:5:17:5:41): plugins/subversion/svn-cat-command.c
                    SOURCE (0:5:17:5:42): plugins/subversion/svn-copy-command.h
                    SOURCE (0:5:17:5:43): plugins/subversion/svn-copy-command.c
                    SOURCE (0:5:17:5:44): plugins/subversion/subversion-copy-dialog.c
                    SOURCE (0:5:17:5:45): plugins/subversion/subversion-copy-dialog.h
                    SOURCE (0:5:17:5:46): plugins/subversion/svn-switch-command.h
                    SOURCE (0:5:17:5:47): plugins/subversion/svn-switch-command.c
                    SOURCE (0:5:17:5:48): plugins/subversion/subversion-switch-dialog.c
                    SOURCE (0:5:17:5:49): plugins/subversion/subversion-switch-dialog.h
                    SOURCE (0:5:17:5:50): plugins/subversion/svn-merge-command.h
                    SOURCE (0:5:17:5:51): plugins/subversion/svn-merge-command.c
                    SOURCE (0:5:17:5:52): plugins/subversion/subversion-merge-dialog.c
                    SOURCE (0:5:17:5:53): plugins/subversion/subversion-merge-dialog.h
                    SOURCE (0:5:17:5:54): plugins/subversion/subversion-resolve-dialog.c
                    SOURCE (0:5:17:5:55): plugins/subversion/subversion-resolve-dialog.h
                    SOURCE (0:5:17:5:56): plugins/subversion/svn-resolve-command.h
                    SOURCE (0:5:17:5:57): plugins/subversion/svn-resolve-command.c
                    SOURCE (0:5:17:5:58): plugins/subversion/subversion-vcs-interface.c
                    SOURCE (0:5:17:5:59): plugins/subversion/subversion-vcs-interface.h
                    SOURCE (0:5:17:5:60): plugins/subversion/svn-checkout-command.c
                    SOURCE (0:5:17:5:61): plugins/subversion/svn-checkout-command.h
            GROUP (0:5:18): project-import
                TARGET (0:5:18:0): project-import.glade
                TARGET (0:5:18:1): anjuta-project-import-plugin.svg
                TARGET (0:5:18:2): anjuta-project-import-plugin-48.png
                TARGET (0:5:18:3): $(plugin_in_files:.plugin.in=.plugin)
                TARGET (0:5:18:4): libanjuta-project-import.la
                    SOURCE (0:5:18:4:0): plugins/project-import/plugin.c
                    SOURCE (0:5:18:4:1): plugins/project-import/plugin.h
                    SOURCE (0:5:18:4:2): plugins/project-import/project-import-dialog.h
                    SOURCE (0:5:18:4:3): plugins/project-import/project-import-dialog.c
            GROUP (0:5:19): tools
                GROUP (0:5:19:0): scripts
                    TARGET (0:5:19:0:0): prepare-changelog.pl
                    TARGET (0:5:19:0:1): find-fixmes.pl
                    TARGET (0:5:19:0:2): translation-status.pl
                    TARGET (0:5:19:0:3): tools-2.xml
                TARGET (0:5:19:1): anjuta-tools.glade
                TARGET (0:5:19:2): anjuta-tools.ui
                TARGET (0:5:19:3): anjuta-tools-plugin.svg
                TARGET (0:5:19:4): anjuta-tools-plugin-48.png
                TARGET (0:5:19:5): $(plugin_in_files:.plugin.in=.plugin)
                TARGET (0:5:19:6): libanjuta-tools.la
                    SOURCE (0:5:19:6:0): plugins/tools/plugin.c
                    SOURCE (0:5:19:6:1): plugins/tools/plugin.h
                    SOURCE (0:5:19:6:2): plugins/tools/dialog.c
                    SOURCE (0:5:19:6:3): plugins/tools/dialog.h
                    SOURCE (0:5:19:6:4): plugins/tools/fileop.c
                    SOURCE (0:5:19:6:5): plugins/tools/fileop.h
                    SOURCE (0:5:19:6:6): plugins/tools/tool.c
                    SOURCE (0:5:19:6:7): plugins/tools/tool.h
                    SOURCE (0:5:19:6:8): plugins/tools/editor.c
                    SOURCE (0:5:19:6:9): plugins/tools/editor.h
                    SOURCE (0:5:19:6:10): plugins/tools/execute.c
                    SOURCE (0:5:19:6:11): plugins/tools/execute.h
                    SOURCE (0:5:19:6:12): plugins/tools/variable.c
                    SOURCE (0:5:19:6:13): plugins/tools/variable.h
            GROUP (0:5:20): class-inheritance
                TARGET (0:5:20:0): anjuta-class-inheritance-plugin.svg
                TARGET (0:5:20:1): anjuta-class-inheritance-plugin-48.png
                TARGET (0:5:20:2): $(plugin_in_files:.plugin.in=.plugin)
                TARGET (0:5:20:3): libanjuta-class-inheritance.la
                    SOURCE (0:5:20:3:0): plugins/class-inheritance/plugin.c
                    SOURCE (0:5:20:3:1): plugins/class-inheritance/plugin.h
                    SOURCE (0:5:20:3:2): plugins/class-inheritance/class-inherit.c
                    SOURCE (0:5:20:3:3): plugins/class-inheritance/class-inherit.h
                    SOURCE (0:5:20:3:4): plugins/class-inheritance/class-callbacks.c
                    SOURCE (0:5:20:3:5): plugins/class-inheritance/class-callbacks.h
            GROUP (0:5:21): document-manager
                GROUP (0:5:21:0): images
                TARGET (0:5:21:1): anjuta-document-manager.glade
                TARGET (0:5:21:2): anjuta-document-manager.ui
                TARGET (0:5:21:3): $(plugin_in_files:.plugin.in=.plugin)
                TARGET (0:5:21:4): libanjuta-document-manager.la
                    SOURCE (0:5:21:4:0): plugins/document-manager/plugin.c
                    SOURCE (0:5:21:4:1): plugins/document-manager/plugin.h
                    SOURCE (0:5:21:4:2): plugins/document-manager/anjuta-docman.c
                    SOURCE (0:5:21:4:3): plugins/document-manager/anjuta-docman.h
                    SOURCE (0:5:21:4:4): plugins/document-manager/action-callbacks.c
                    SOURCE (0:5:21:4:5): plugins/document-manager/action-callbacks.h
                    SOURCE (0:5:21:4:6): plugins/document-manager/file_history.c
                    SOURCE (0:5:21:4:7): plugins/document-manager/file_history.h
                    SOURCE (0:5:21:4:8): plugins/document-manager/search-box.h
                    SOURCE (0:5:21:4:9): plugins/document-manager/search-box.c
                    SOURCE (0:5:21:4:10): plugins/document-manager/anjuta-bookmarks.h
                    SOURCE (0:5:21:4:11): plugins/document-manager/anjuta-bookmarks.c
            GROUP (0:5:22): search
                TARGET (0:5:22:0): anjuta-search.glade
                TARGET (0:5:22:1): anjuta-search-plugin.svg
                TARGET (0:5:22:2): anjuta-search-plugin-48.png
                TARGET (0:5:22:3): $(plugin_in_files:.plugin.in=.plugin)
                TARGET (0:5:22:4): libanjuta-search.la
                    SOURCE (0:5:22:4:0): plugins/search/plugin.c
                    SOURCE (0:5:22:4:1): plugins/search/plugin.h
                    SOURCE (0:5:22:4:2): plugins/search/search-replace.c
                    SOURCE (0:5:22:4:3): plugins/search/search-replace.h
                    SOURCE (0:5:22:4:4): plugins/search/search-replace_backend.c
                    SOURCE (0:5:22:4:5): plugins/search/search-replace_backend.h
                    SOURCE (0:5:22:4:6): plugins/search/search_preferences.c
                    SOURCE (0:5:22:4:7): plugins/search/search_preferences.h
                TARGET (0:5:22:5): anjuta-search.ui
            GROUP (0:5:23): valgrind
                TARGET (0:5:23:0): anjuta-valgrind.ui
                TARGET (0:5:23:1): anjuta-valgrind.glade
                TARGET (0:5:23:2): anjuta-valgrind-plugin.svg
                TARGET (0:5:23:3): anjuta-valgrind-plugin-48.png
                TARGET (0:5:23:4): $(plugin_in_files:.plugin.in=.plugin)
                TARGET (0:5:23:5): libanjuta-valgrind.la
                    SOURCE (0:5:23:5:0): plugins/valgrind/plugin.c
                    SOURCE (0:5:23:5:1): plugins/valgrind/plugin.h
                    SOURCE (0:5:23:5:2): plugins/valgrind/vggeneralprefs.c
                    SOURCE (0:5:23:5:3): plugins/valgrind/vggeneralprefs.h
                    SOURCE (0:5:23:5:4): plugins/valgrind/vgtoolprefs.h
                    SOURCE (0:5:23:5:5): plugins/valgrind/vgtoolprefs.c
                    SOURCE (0:5:23:5:6): plugins/valgrind/vgdefaultview.c
                    SOURCE (0:5:23:5:7): plugins/valgrind/vgdefaultview.h
                    SOURCE (0:5:23:5:8): plugins/valgrind/vgrulepattern.c
                    SOURCE (0:5:23:5:9): plugins/valgrind/vgrulepattern.h
                    SOURCE (0:5:23:5:10): plugins/valgrind/vgsearchbar.c
                    SOURCE (0:5:23:5:11): plugins/valgrind/vgsearchbar.h
                    SOURCE (0:5:23:5:12): plugins/valgrind/vgmarshal.h
                    SOURCE (0:5:23:5:13): plugins/valgrind/vgmarshal.c
                    SOURCE (0:5:23:5:14): plugins/valgrind/vgio.c
                    SOURCE (0:5:23:5:15): plugins/valgrind/vgio.h
                    SOURCE (0:5:23:5:16): plugins/valgrind/vgrule-list.h
                    SOURCE (0:5:23:5:17): plugins/valgrind/vgrule-list.c
                    SOURCE (0:5:23:5:18): plugins/valgrind/vgrule-editor.h
                    SOURCE (0:5:23:5:19): plugins/valgrind/vgrule-editor.c
                    SOURCE (0:5:23:5:20): plugins/valgrind/vgrule.c
                    SOURCE (0:5:23:5:21): plugins/valgrind/vgrule.h
                    SOURCE (0:5:23:5:22): plugins/valgrind/vgstrpool.c
                    SOURCE (0:5:23:5:23): plugins/valgrind/vgstrpool.h
                    SOURCE (0:5:23:5:24): plugins/valgrind/parser.c
                    SOURCE (0:5:23:5:25): plugins/valgrind/parser.h
                    SOURCE (0:5:23:5:26): plugins/valgrind/vgtoolview.c
                    SOURCE (0:5:23:5:27): plugins/valgrind/vgtoolview.h
                    SOURCE (0:5:23:5:28): plugins/valgrind/symtab.c
                    SOURCE (0:5:23:5:29): plugins/valgrind/symtab.h
                    SOURCE (0:5:23:5:30): plugins/valgrind/ldd.c
                    SOURCE (0:5:23:5:31): plugins/valgrind/ldd.h
                    SOURCE (0:5:23:5:32): plugins/valgrind/process.c
                    SOURCE (0:5:23:5:33): plugins/valgrind/process.h
                    SOURCE (0:5:23:5:34): plugins/valgrind/vgerror.c
                    SOURCE (0:5:23:5:35): plugins/valgrind/vgerror.h
                    SOURCE (0:5:23:5:36): plugins/valgrind/list.h
                    SOURCE (0:5:23:5:37): plugins/valgrind/list.c
                    SOURCE (0:5:23:5:38): plugins/valgrind/vgmemcheckprefs.c
                    SOURCE (0:5:23:5:39): plugins/valgrind/vgmemcheckprefs.h
                    SOURCE (0:5:23:5:40): plugins/valgrind/preferences.c
                    SOURCE (0:5:23:5:41): plugins/valgrind/preferences.h
                    SOURCE (0:5:23:5:42): plugins/valgrind/vgcachegrindprefs.c
                    SOURCE (0:5:23:5:43): plugins/valgrind/vgcachegrindprefs.h
                    SOURCE (0:5:23:5:44): plugins/valgrind/vghelgrindprefs.c
                    SOURCE (0:5:23:5:45): plugins/valgrind/vghelgrindprefs.h
                    SOURCE (0:5:23:5:46): plugins/valgrind/vgactions.c
                    SOURCE (0:5:23:5:47): plugins/valgrind/vgactions.h
                    SOURCE (0:5:23:5:48): plugins/valgrind/menu-utils.h
                    SOURCE (0:5:23:5:49): plugins/valgrind/menu-utils.c
                TARGET (0:5:23:6): anjuta-valgrind.schemas
                TARGET (0:5:23:7): bugged-prg-test
                    SOURCE (0:5:23:7:0): plugins/valgrind/bugged-prg-test.c
            GROUP (0:5:24): language-support-cpp-java
                TARGET (0:5:24:0): anjuta-language-cpp-java.glade
                TARGET (0:5:24:1): anjuta-language-support-cpp-java.ui
                TARGET (0:5:24:2): anjuta-language-cpp-java-plugin.png
                TARGET (0:5:24:3): anjuta-complete-16.png
                TARGET (0:5:24:4): anjuta-complete-24.png
                TARGET (0:5:24:5): anjuta-complete-auto-16.png
                TARGET (0:5:24:6): anjuta-complete-auto-24.png
                TARGET (0:5:24:7): anjuta-indent-auto-16.png
                TARGET (0:5:24:8): anjuta-indent-auto-24.png
                TARGET (0:5:24:9): $(plugin_in_files:.plugin.in=.plugin)
                TARGET (0:5:24:10): libanjuta-language-cpp-java.la
                    SOURCE (0:5:24:10:0): plugins/language-support-cpp-java/plugin.c
                    SOURCE (0:5:24:10:1): plugins/language-support-cpp-java/plugin.h
                    SOURCE (0:5:24:10:2): plugins/language-support-cpp-java/cpp-java-assist.h
                    SOURCE (0:5:24:10:3): plugins/language-support-cpp-java/cpp-java-assist.c
                    SOURCE (0:5:24:10:4): plugins/language-support-cpp-java/cpp-java-utils.c
                    SOURCE (0:5:24:10:5): plugins/language-support-cpp-java/cpp-java-utils.h
            GROUP (0:5:25): glade
                TARGET (0:5:25:0): anjuta-glade.glade
                TARGET (0:5:25:1): anjuta-glade.ui
                TARGET (0:5:25:2): anjuta-glade-plugin.svg
                TARGET (0:5:25:3): anjuta-glade-plugin-48.png
                TARGET (0:5:25:4): $(plugin_in_files:.plugin.in=.plugin)
                TARGET (0:5:25:5): libanjuta-glade.la
                    SOURCE (0:5:25:5:0): plugins/glade/$(marshallers_SOURCES)
                    SOURCE (0:5:25:5:1): plugins/glade/plugin.c
                    SOURCE (0:5:25:5:2): plugins/glade/plugin.h
                    SOURCE (0:5:25:5:3): plugins/glade/anjuta-design-document.h
                    SOURCE (0:5:25:5:4): plugins/glade/anjuta-design-document.c
                    SOURCE (0:5:25:5:5): plugins/glade/designer-associations.h
                    SOURCE (0:5:25:5:6): plugins/glade/designer-associations.c
                    SOURCE (0:5:25:5:7): plugins/glade/designer-associations-item.h
                    SOURCE (0:5:25:5:8): plugins/glade/designer-associations-item.c
            GROUP (0:5:26): devhelp
                TARGET (0:5:26:0): anjuta-devhelp.ui
                TARGET (0:5:26:1): anjuta-devhelp-simple.ui
                TARGET (0:5:26:2): anjuta-devhelp-plugin.svg
                TARGET (0:5:26:3): anjuta-devhelp-plugin-48.png
                TARGET (0:5:26:4): $(plugin_in_files:.plugin.in=.plugin)
                TARGET (0:5:26:5): libanjuta-devhelp.la
                    SOURCE (0:5:26:5:0): plugins/devhelp/plugin.c
                    SOURCE (0:5:26:5:1): plugins/devhelp/plugin.h
            GROUP (0:5:27): profiler
                TARGET (0:5:27:0): profiler.ui
                TARGET (0:5:27:1): profiler.glade
                TARGET (0:5:27:2): profiler-flat-profile.glade
                TARGET (0:5:27:3): profiler-call-graph.glade
                TARGET (0:5:27:4): profiler-function-call-tree.glade
                TARGET (0:5:27:5): anjuta-profiler-plugin.svg
                TARGET (0:5:27:6): anjuta-profiler-plugin-48.png
                TARGET (0:5:27:7): $(plugin_in_files:.plugin.in=.plugin)
                TARGET (0:5:27:8): libanjuta-profiler.la
                    SOURCE (0:5:27:8:0): plugins/profiler/gprof-call-graph.c
                    SOURCE (0:5:27:8:1): plugins/profiler/gprof-call-graph.h
                    SOURCE (0:5:27:8:2): plugins/profiler/gprof-call-graph-block.c
                    SOURCE (0:5:27:8:3): plugins/profiler/gprof-call-graph-block.h
                    SOURCE (0:5:27:8:4): plugins/profiler/gprof-call-graph-block-entry.c
                    SOURCE (0:5:27:8:5): plugins/profiler/gprof-call-graph-block-entry.h
                    SOURCE (0:5:27:8:6): plugins/profiler/gprof-call-graph-view.c
                    SOURCE (0:5:27:8:7): plugins/profiler/gprof-call-graph-view.h
                    SOURCE (0:5:27:8:8): plugins/profiler/gprof-flat-profile.c
                    SOURCE (0:5:27:8:9): plugins/profiler/gprof-flat-profile.h
                    SOURCE (0:5:27:8:10): plugins/profiler/gprof-flat-profile-entry.c
                    SOURCE (0:5:27:8:11): plugins/profiler/gprof-flat-profile-entry.h
                    SOURCE (0:5:27:8:12): plugins/profiler/gprof-flat-profile-view.c
                    SOURCE (0:5:27:8:13): plugins/profiler/gprof-flat-profile-view.h
                    SOURCE (0:5:27:8:14): plugins/profiler/gprof-function-call-tree-view.c
                    SOURCE (0:5:27:8:15): plugins/profiler/gprof-function-call-tree-view.h
                    SOURCE (0:5:27:8:16): plugins/profiler/gprof-profile-data.c
                    SOURCE (0:5:27:8:17): plugins/profiler/gprof-profile-data.h
                    SOURCE (0:5:27:8:18): plugins/profiler/gprof-view.c
                    SOURCE (0:5:27:8:19): plugins/profiler/gprof-view.h
                    SOURCE (0:5:27:8:20): plugins/profiler/gprof-view-manager.c
                    SOURCE (0:5:27:8:21): plugins/profiler/gprof-view-manager.h
                    SOURCE (0:5:27:8:22): plugins/profiler/string-utils.c
                    SOURCE (0:5:27:8:23): plugins/profiler/string-utils.h
                    SOURCE (0:5:27:8:24): plugins/profiler/plugin.c
                    SOURCE (0:5:27:8:25): plugins/profiler/plugin.h
                    SOURCE (0:5:27:8:26): plugins/profiler/gprof-options.c
                    SOURCE (0:5:27:8:27): plugins/profiler/gprof-options.h
                    SOURCE (0:5:27:8:28): plugins/profiler/gprof-function-call-chart-view.c
                    SOURCE (0:5:27:8:29): plugins/profiler/gprof-function-call-chart-view.h
            GROUP (0:5:28): language-manager
                TARGET (0:5:28:0): anjuta-language-manager-plugin.svg
                TARGET (0:5:28:1): anjuta-language-manager-plugin-48.png
                TARGET (0:5:28:2): languages.xml
                TARGET (0:5:28:3): $(plugin_in_files:.plugin.in=.plugin)
                TARGET (0:5:28:4): liblanguage-manager.la
                    SOURCE (0:5:28:4:0): plugins/language-manager/plugin.c
                    SOURCE (0:5:28:4:1): plugins/language-manager/plugin.h
            GROUP (0:5:29): symbol-db
                GROUP (0:5:29:0): images
                    TARGET (0:5:29:0:0): element-literal-16.png
                    TARGET (0:5:29:0:1): element-class-16.png
                    TARGET (0:5:29:0:2): element-delegate-16.png
                    TARGET (0:5:29:0:3): element-enumeration-16.png
                    TARGET (0:5:29:0:4): element-event-16.png
                    TARGET (0:5:29:0:5): element-field-16.png
                    TARGET (0:5:29:0:6): element-interface-16.png
                    TARGET (0:5:29:0:7): element-interface-24.png
                    TARGET (0:5:29:0:8): element-method-16.png
                    TARGET (0:5:29:0:9): element-method-24.png
                    TARGET (0:5:29:0:10): element-namespace-16.png
                    TARGET (0:5:29:0:11): element-property-16.png
                    TARGET (0:5:29:0:12): element-structure-16.png
                GROUP (0:5:29:1): test
                    TARGET (0:5:29:1:0): benchmark
                        SOURCE (0:5:29:1:0:0): plugins/symbol-db/test/benchmark.c
                        SOURCE (0:5:29:1:0:1): plugins/symbol-db/readtags.c
                        SOURCE (0:5:29:1:0:2): plugins/symbol-db/readtags.h
                        SOURCE (0:5:29:1:0:3): plugins/symbol-db/symbol-db-engine-core.c
                        SOURCE (0:5:29:1:0:4): plugins/symbol-db/symbol-db-engine-queries.c
                        SOURCE (0:5:29:1:0:5): plugins/symbol-db/symbol-db-engine-iterator.c
                        SOURCE (0:5:29:1:0:6): plugins/symbol-db/symbol-db-engine-utils.c
                        SOURCE (0:5:29:1:0:7): plugins/symbol-db/symbol-db-engine-iterator-node.c
                        SOURCE (0:5:29:1:0:8): plugins/symbol-db/symbol-db-engine-iterator-node.h
                        SOURCE (0:5:29:1:0:9): plugins/symbol-db/symbol-db-view.h
                        SOURCE (0:5:29:1:0:10): plugins/symbol-db/symbol-db-view.c
                TARGET (0:5:29:2): tables.sql
                TARGET (0:5:29:3): anjuta-symbol-db-plugin.ui
                TARGET (0:5:29:4): anjuta-symbol-db.glade
                TARGET (0:5:29:5): anjuta-symbol-db-plugin-48.png
                TARGET (0:5:29:6): $(plugin_in_files:.plugin.in=.plugin)
                TARGET (0:5:29:7): libanjuta-symbol-db.la
                    SOURCE (0:5:29:7:0): plugins/symbol-db/plugin.c
                    SOURCE (0:5:29:7:1): plugins/symbol-db/plugin.h
                    SOURCE (0:5:29:7:2): plugins/symbol-db/readtags.c
                    SOURCE (0:5:29:7:3): plugins/symbol-db/readtags.h
                    SOURCE (0:5:29:7:4): plugins/symbol-db/symbol-db-engine-iterator.c
                    SOURCE (0:5:29:7:5): plugins/symbol-db/symbol-db-engine-iterator.h
                    SOURCE (0:5:29:7:6): plugins/symbol-db/symbol-db-view.h
                    SOURCE (0:5:29:7:7): plugins/symbol-db/symbol-db-view.c
                    SOURCE (0:5:29:7:8): plugins/symbol-db/symbol-db-view-locals.c
                    SOURCE (0:5:29:7:9): plugins/symbol-db/symbol-db-view-locals.h
                    SOURCE (0:5:29:7:10): plugins/symbol-db/symbol-db-view-search.h
                    SOURCE (0:5:29:7:11): plugins/symbol-db/symbol-db-view-search.c
                    SOURCE (0:5:29:7:12): plugins/symbol-db/symbol-db-engine-iterator-node.h
                    SOURCE (0:5:29:7:13): plugins/symbol-db/symbol-db-engine-iterator-node.c
                    SOURCE (0:5:29:7:14): plugins/symbol-db/symbol-db-system.h
                    SOURCE (0:5:29:7:15): plugins/symbol-db/symbol-db-system.c
                    SOURCE (0:5:29:7:16): plugins/symbol-db/symbol-db-prefs.h
                    SOURCE (0:5:29:7:17): plugins/symbol-db/symbol-db-prefs.c
                    SOURCE (0:5:29:7:18): plugins/symbol-db/symbol-db-engine-queries.c
                    SOURCE (0:5:29:7:19): plugins/symbol-db/symbol-db-engine-queries.h
                    SOURCE (0:5:29:7:20): plugins/symbol-db/symbol-db-engine-utils.c
                    SOURCE (0:5:29:7:21): plugins/symbol-db/symbol-db-engine-utils.h
                    SOURCE (0:5:29:7:22): plugins/symbol-db/symbol-db-engine-priv.h
                    SOURCE (0:5:29:7:23): plugins/symbol-db/symbol-db-engine-core.c
                    SOURCE (0:5:29:7:24): plugins/symbol-db/symbol-db-engine-core.h
                    SOURCE (0:5:29:7:25): plugins/symbol-db/symbol-db-engine.h
            GROUP (0:5:30): git
                TARGET (0:5:30:0): anjuta-git.glade
                TARGET (0:5:30:1): anjuta-git.ui
                TARGET (0:5:30:2): anjuta-git-plugin-48.png
                TARGET (0:5:30:3): $(plugin_in_files:.plugin.in=.plugin)
                TARGET (0:5:30:4): libanjuta-git.la
                    SOURCE (0:5:30:4:0): plugins/git/plugin.c
                    SOURCE (0:5:30:4:1): plugins/git/plugin.h
                    SOURCE (0:5:30:4:2): plugins/git/git-command.c
                    SOURCE (0:5:30:4:3): plugins/git/git-command.h
                    SOURCE (0:5:30:4:4): plugins/git/git-ui-utils.c
                    SOURCE (0:5:30:4:5): plugins/git/git-ui-utils.h
                    SOURCE (0:5:30:4:6): plugins/git/git-diff-command.c
                    SOURCE (0:5:30:4:7): plugins/git/git-diff-command.h
                    SOURCE (0:5:30:4:8): plugins/git/git-diff-dialog.c
                    SOURCE (0:5:30:4:9): plugins/git/git-diff-dialog.h
                    SOURCE (0:5:30:4:10): plugins/git/git-status.c
                    SOURCE (0:5:30:4:11): plugins/git/git-status.h
                    SOURCE (0:5:30:4:12): plugins/git/git-status-command.c
                    SOURCE (0:5:30:4:13): plugins/git/git-status-command.h
                    SOURCE (0:5:30:4:14): plugins/git/git-commit-command.h
                    SOURCE (0:5:30:4:15): plugins/git/git-commit-command.c
                    SOURCE (0:5:30:4:16): plugins/git/git-commit-dialog.c
                    SOURCE (0:5:30:4:17): plugins/git/git-commit-dialog.h
                    SOURCE (0:5:30:4:18): plugins/git/git-add-command.h
                    SOURCE (0:5:30:4:19): plugins/git/git-add-command.c
                    SOURCE (0:5:30:4:20): plugins/git/git-add-dialog.c
                    SOURCE (0:5:30:4:21): plugins/git/git-add-dialog.h
                    SOURCE (0:5:30:4:22): plugins/git/git-remove-command.c
                    SOURCE (0:5:30:4:23): plugins/git/git-remove-command.h
                    SOURCE (0:5:30:4:24): plugins/git/git-remove-dialog.c
                    SOURCE (0:5:30:4:25): plugins/git/git-remove-dialog.h
                    SOURCE (0:5:30:4:26): plugins/git/git-resolve-dialog.c
                    SOURCE (0:5:30:4:27): plugins/git/git-resolve-dialog.h
                    SOURCE (0:5:30:4:28): plugins/git/git-branch.h
                    SOURCE (0:5:30:4:29): plugins/git/git-branch.c
                    SOURCE (0:5:30:4:30): plugins/git/git-branch-list-command.h
                    SOURCE (0:5:30:4:31): plugins/git/git-branch-list-command.c
                    SOURCE (0:5:30:4:32): plugins/git/git-merge-command.h
                    SOURCE (0:5:30:4:33): plugins/git/git-merge-command.c
                    SOURCE (0:5:30:4:34): plugins/git/git-branch-combo-model.c
                    SOURCE (0:5:30:4:35): plugins/git/git-branch-combo-model.h
                    SOURCE (0:5:30:4:36): plugins/git/git-merge-dialog.h
                    SOURCE (0:5:30:4:37): plugins/git/git-merge-dialog.c
                    SOURCE (0:5:30:4:38): plugins/git/git-branch-checkout-command.h
                    SOURCE (0:5:30:4:39): plugins/git/git-branch-checkout-command.c
                    SOURCE (0:5:30:4:40): plugins/git/git-switch-dialog.c
                    SOURCE (0:5:30:4:41): plugins/git/git-switch-dialog.h
                    SOURCE (0:5:30:4:42): plugins/git/git-branch-create-command.h
                    SOURCE (0:5:30:4:43): plugins/git/git-branch-create-command.c
                    SOURCE (0:5:30:4:44): plugins/git/git-create-branch-dialog.c
                    SOURCE (0:5:30:4:45): plugins/git/git-create-branch-dialog.h
                    SOURCE (0:5:30:4:46): plugins/git/git-branch-delete-command.c
                    SOURCE (0:5:30:4:47): plugins/git/git-branch-delete-command.h
                    SOURCE (0:5:30:4:48): plugins/git/git-delete-branch-dialog.c
                    SOURCE (0:5:30:4:49): plugins/git/git-delete-branch-dialog.h
                    SOURCE (0:5:30:4:50): plugins/git/git-reset-files-command.c
                    SOURCE (0:5:30:4:51): plugins/git/git-reset-files-command.h
                    SOURCE (0:5:30:4:52): plugins/git/git-unstage-dialog.c
                    SOURCE (0:5:30:4:53): plugins/git/git-unstage-dialog.h
                    SOURCE (0:5:30:4:54): plugins/git/git-checkout-files-command.c
                    SOURCE (0:5:30:4:55): plugins/git/git-checkout-files-command.h
                    SOURCE (0:5:30:4:56): plugins/git/git-checkout-files-dialog.c
                    SOURCE (0:5:30:4:57): plugins/git/git-checkout-files-dialog.h
                    SOURCE (0:5:30:4:58): plugins/git/giggle-graph-renderer.c
                    SOURCE (0:5:30:4:59): plugins/git/giggle-graph-renderer.h
                    SOURCE (0:5:30:4:60): plugins/git/git-log-command.c
                    SOURCE (0:5:30:4:61): plugins/git/git-log-command.h
                    SOURCE (0:5:30:4:62): plugins/git/git-log-dialog.c
                    SOURCE (0:5:30:4:63): plugins/git/git-log-dialog.h
                    SOURCE (0:5:30:4:64): plugins/git/git-revision.c
                    SOURCE (0:5:30:4:65): plugins/git/git-revision.h
                    SOURCE (0:5:30:4:66): plugins/git/git-log-message-command.c
                    SOURCE (0:5:30:4:67): plugins/git/git-log-message-command.h
                    SOURCE (0:5:30:4:68): plugins/git/git-ref.h
                    SOURCE (0:5:30:4:69): plugins/git/git-ref.c
                    SOURCE (0:5:30:4:70): plugins/git/git-ref-command.c
                    SOURCE (0:5:30:4:71): plugins/git/git-ref-command.h
                    SOURCE (0:5:30:4:72): plugins/git/git-raw-output-command.c
                    SOURCE (0:5:30:4:73): plugins/git/git-raw-output-command.h
                    SOURCE (0:5:30:4:74): plugins/git/git-diff-tree-command.c
                    SOURCE (0:5:30:4:75): plugins/git/git-diff-tree-command.h
                    SOURCE (0:5:30:4:76): plugins/git/git-create-tag-dialog.c
                    SOURCE (0:5:30:4:77): plugins/git/git-create-tag-dialog.h
                    SOURCE (0:5:30:4:78): plugins/git/git-tag-create-command.c
                    SOURCE (0:5:30:4:79): plugins/git/git-tag-create-command.h
                    SOURCE (0:5:30:4:80): plugins/git/git-reset-dialog.c
                    SOURCE (0:5:30:4:81): plugins/git/git-reset-dialog.h
                    SOURCE (0:5:30:4:82): plugins/git/git-reset-tree-command.c
                    SOURCE (0:5:30:4:83): plugins/git/git-reset-tree-command.h
                    SOURCE (0:5:30:4:84): plugins/git/git-revert-command.c
                    SOURCE (0:5:30:4:85): plugins/git/git-revert-command.h
                    SOURCE (0:5:30:4:86): plugins/git/git-revert-dialog.c
                    SOURCE (0:5:30:4:87): plugins/git/git-revert-dialog.h
                    SOURCE (0:5:30:4:88): plugins/git/git-fetch-command.c
                    SOURCE (0:5:30:4:89): plugins/git/git-fetch-command.h
                    SOURCE (0:5:30:4:90): plugins/git/git-fetch-dialog.c
                    SOURCE (0:5:30:4:91): plugins/git/git-fetch-dialog.h
                    SOURCE (0:5:30:4:92): plugins/git/git-rebase-continue-command.c
                    SOURCE (0:5:30:4:93): plugins/git/git-rebase-continue-command.h
                    SOURCE (0:5:30:4:94): plugins/git/git-rebase-dialog.c
                    SOURCE (0:5:30:4:95): plugins/git/git-rebase-dialog.h
                    SOURCE (0:5:30:4:96): plugins/git/git-rebase-start-command.c
                    SOURCE (0:5:30:4:97): plugins/git/git-rebase-start-command.h
                    SOURCE (0:5:30:4:98): plugins/git/git-bisect-dialog.c
                    SOURCE (0:5:30:4:99): plugins/git/git-bisect-dialog.h
                    SOURCE (0:5:30:4:100): plugins/git/git-bisect-reset-command.c
                    SOURCE (0:5:30:4:101): plugins/git/git-bisect-reset-command.h
                    SOURCE (0:5:30:4:102): plugins/git/git-bisect-start-command.c
                    SOURCE (0:5:30:4:103): plugins/git/git-bisect-start-command.h
                    SOURCE (0:5:30:4:104): plugins/git/git-bisect-state-command.c
                    SOURCE (0:5:30:4:105): plugins/git/git-bisect-state-command.h
                    SOURCE (0:5:30:4:106): plugins/git/git-file-command.c
                    SOURCE (0:5:30:4:107): plugins/git/git-file-command.h
                    SOURCE (0:5:30:4:108): plugins/git/git-ignore-command.c
                    SOURCE (0:5:30:4:109): plugins/git/git-ignore-command.h
                    SOURCE (0:5:30:4:110): plugins/git/git-ignore-dialog.c
                    SOURCE (0:5:30:4:111): plugins/git/git-ignore-dialog.h
                    SOURCE (0:5:30:4:112): plugins/git/git-add-remote-dialog.c
                    SOURCE (0:5:30:4:113): plugins/git/git-add-remote-dialog.h
                    SOURCE (0:5:30:4:114): plugins/git/git-remote-add-command.c
                    SOURCE (0:5:30:4:115): plugins/git/git-remote-add-command.h
                    SOURCE (0:5:30:4:116): plugins/git/git-delete-remote-dialog.c
                    SOURCE (0:5:30:4:117): plugins/git/git-delete-remote-dialog.h
                    SOURCE (0:5:30:4:118): plugins/git/git-remote-delete-command.c
                    SOURCE (0:5:30:4:119): plugins/git/git-remote-delete-command.h
                    SOURCE (0:5:30:4:120): plugins/git/git-remote-list-command.c
                    SOURCE (0:5:30:4:121): plugins/git/git-remote-list-command.h
                    SOURCE (0:5:30:4:122): plugins/git/git-format-patch-command.h
                    SOURCE (0:5:30:4:123): plugins/git/git-format-patch-command.c
                    SOURCE (0:5:30:4:124): plugins/git/git-create-patch-series-dialog.c
                    SOURCE (0:5:30:4:125): plugins/git/git-create-patch-series-dialog.h
                    SOURCE (0:5:30:4:126): plugins/git/git-pull-command.c
                    SOURCE (0:5:30:4:127): plugins/git/git-pull-command.h
                    SOURCE (0:5:30:4:128): plugins/git/git-pull-dialog.c
                    SOURCE (0:5:30:4:129): plugins/git/git-pull-dialog.h
                    SOURCE (0:5:30:4:130): plugins/git/git-list-tree-command.c
                    SOURCE (0:5:30:4:131): plugins/git/git-list-tree-command.h
                    SOURCE (0:5:30:4:132): plugins/git/git-cat-blob-command.c
                    SOURCE (0:5:30:4:133): plugins/git/git-cat-blob-command.h
                    SOURCE (0:5:30:4:134): plugins/git/git-cat-file-menu.c
                    SOURCE (0:5:30:4:135): plugins/git/git-cat-file-menu.h
                    SOURCE (0:5:30:4:136): plugins/git/git-vcs-interface.c
                    SOURCE (0:5:30:4:137): plugins/git/git-vcs-interface.h
            GROUP (0:5:31): sourceview
                TARGET (0:5:31:0): anjuta-editor-sourceview.glade
                TARGET (0:5:31:1): anjuta-editor-sourceview-plugin-48.png
                TARGET (0:5:31:2): anjuta-linemark-16.png
                TARGET (0:5:31:3): anjuta-pcmark-16.png
                TARGET (0:5:31:4): anjuta-breakpoint-disabled-16.png
                TARGET (0:5:31:5): anjuta-breakpoint-enabled-16.png
                TARGET (0:5:31:6): anjuta-bookmark-16.png
                TARGET (0:5:31:7): $(plugin_in_files:.plugin.in=.plugin)
                TARGET (0:5:31:8): libanjuta-sourceview.la
                    SOURCE (0:5:31:8:0): plugins/sourceview/$(BUILT_SOURCES)
                    SOURCE (0:5:31:8:1): plugins/sourceview/plugin.c
                    SOURCE (0:5:31:8:2): plugins/sourceview/plugin.h
                    SOURCE (0:5:31:8:3): plugins/sourceview/sourceview.c
                    SOURCE (0:5:31:8:4): plugins/sourceview/sourceview.h
                    SOURCE (0:5:31:8:5): plugins/sourceview/assist-window.h
                    SOURCE (0:5:31:8:6): plugins/sourceview/assist-window.c
                    SOURCE (0:5:31:8:7): plugins/sourceview/anjuta-view.h
                    SOURCE (0:5:31:8:8): plugins/sourceview/anjuta-view.c
                    SOURCE (0:5:31:8:9): plugins/sourceview/sourceview-prefs.h
                    SOURCE (0:5:31:8:10): plugins/sourceview/sourceview-prefs.c
                    SOURCE (0:5:31:8:11): plugins/sourceview/sourceview-private.h
                    SOURCE (0:5:31:8:12): plugins/sourceview/sourceview-cell.c
                    SOURCE (0:5:31:8:13): plugins/sourceview/sourceview-cell.h
                    SOURCE (0:5:31:8:14): plugins/sourceview/sourceview-print.h
                    SOURCE (0:5:31:8:15): plugins/sourceview/sourceview-print.c
                    SOURCE (0:5:31:8:16): plugins/sourceview/assist-tip.h
                    SOURCE (0:5:31:8:17): plugins/sourceview/assist-tip.c
                    SOURCE (0:5:31:8:18): plugins/sourceview/sourceview-io.h
                    SOURCE (0:5:31:8:19): plugins/sourceview/sourceview-io.c
            GROUP (0:5:32): run-program
                TARGET (0:5:32:0): anjuta-run-program.glade
                TARGET (0:5:32:1): anjuta-run-program.ui
                TARGET (0:5:32:2): anjuta-run-program-48.png
                TARGET (0:5:32:3): $(plugin_in_files:.plugin.in=.plugin)
                TARGET (0:5:32:4): libanjuta-run-program.la
                    SOURCE (0:5:32:4:0): plugins/run-program/plugin.c
                    SOURCE (0:5:32:4:1): plugins/run-program/plugin.h
                    SOURCE (0:5:32:4:2): plugins/run-program/parameters.c
                    SOURCE (0:5:32:4:3): plugins/run-program/parameters.h
                    SOURCE (0:5:32:4:4): plugins/run-program/execute.c
                    SOURCE (0:5:32:4:5): plugins/run-program/execute.h
                    SOURCE (0:5:32:4:6): plugins/run-program/utils.c
                    SOURCE (0:5:32:4:7): plugins/run-program/utils.h
            GROUP (0:5:33): scratchbox
                TARGET (0:5:33:0): anjuta-scratchbox.glade
                TARGET (0:5:33:1): anjuta-scratchbox-panel.png
                TARGET (0:5:33:2): anjuta-scratchbox-48.png
                TARGET (0:5:33:3): $(plugin_in_files:.plugin.in=.plugin)
                TARGET (0:5:33:4): libanjuta-scratchbox.la
                    SOURCE (0:5:33:4:0): plugins/scratchbox/plugin.c
                    SOURCE (0:5:33:4:1): plugins/scratchbox/plugin.h
            GROUP (0:5:34): gbf-am
                GROUP (0:5:34:0): GBF
                    TARGET (0:5:34:0:0): AmFiles.pm
                    TARGET (0:5:34:0:1): General.pm
                TARGET (0:5:34:1): gbf-am-dialogs.glade
                TARGET (0:5:34:2): gbf-am-plugin-48.png
                TARGET (0:5:34:3): gbf-am-parse
                TARGET (0:5:34:4): $(plugin_in_files:.plugin.in=.plugin)
                TARGET (0:5:34:5): libgbf-am.la
                    SOURCE (0:5:34:5:0): plugins/gbf-am/plugin.c
                    SOURCE (0:5:34:5:1): plugins/gbf-am/plugin.h
                    SOURCE (0:5:34:5:2): plugins/gbf-am/gbf-am-project.c
                    SOURCE (0:5:34:5:3): plugins/gbf-am/gbf-am-project.h
                    SOURCE (0:5:34:5:4): plugins/gbf-am/gbf-am-config.c
                    SOURCE (0:5:34:5:5): plugins/gbf-am/gbf-am-config.h
                    SOURCE (0:5:34:5:6): plugins/gbf-am/gbf-am-properties.c
                    SOURCE (0:5:34:5:7): plugins/gbf-am/gbf-am-properties.h
                TARGET (0:5:34:6): test
                    SOURCE (0:5:34:6:0): plugins/gbf-am/test.c
            GROUP (0:5:35): gbf-mkfile
                GROUP (0:5:35:0): GBF
                    TARGET (0:5:35:0:0): Make.pm
                    TARGET (0:5:35:0:1): General.pm
                TARGET (0:5:35:1): gbf-mkfile-plugin-48.png
                TARGET (0:5:35:2): gbf-mkfile-parse
                TARGET (0:5:35:3): $(plugin_in_files:.plugin.in=.plugin)
                TARGET (0:5:35:4): libgbf-mkfile.la
                    SOURCE (0:5:35:4:0): plugins/gbf-mkfile/plugin.c
                    SOURCE (0:5:35:4:1): plugins/gbf-mkfile/plugin.h
                    SOURCE (0:5:35:4:2): plugins/gbf-mkfile/gbf-mkfile-project.c
                    SOURCE (0:5:35:4:3): plugins/gbf-mkfile/gbf-mkfile-project.h
                    SOURCE (0:5:35:4:4): plugins/gbf-mkfile/gbf-mkfile-config.c
                    SOURCE (0:5:35:4:5): plugins/gbf-mkfile/gbf-mkfile-config.h
                    SOURCE (0:5:35:4:6): plugins/gbf-mkfile/gbf-mkfile-properties.c
                    SOURCE (0:5:35:4:7): plugins/gbf-mkfile/gbf-mkfile-properties.h
            GROUP (0:5:36): starter
                TARGET (0:5:36:0): $(plugin_in_files:.plugin.in=.plugin)
                TARGET (0:5:36:1): starter-logo.png
                TARGET (0:5:36:2): libanjuta-starter.la
                    SOURCE (0:5:36:2:0): plugins/starter/plugin.c
                    SOURCE (0:5:36:2:1): plugins/starter/plugin.h
                    SOURCE (0:5:36:2:2): plugins/starter/starter.h
                    SOURCE (0:5:36:2:3): plugins/starter/starter.c
                TARGET (0:5:36:3): starter_logo.png
        GROUP (0:6): src
            TARGET (0:6:0): anjuta.glade
            TARGET (0:6:1): anjuta.ui
            TARGET (0:6:2): layout.xml
            TARGET (0:6:3): anjuta-preferences-general.svg
            TARGET (0:6:4): anjuta-preferences-general-48.png
            TARGET (0:6:5): anjuta
                SOURCE (0:6:5:0): src/about.c
                SOURCE (0:6:5:1): src/about.h
                SOURCE (0:6:5:2): src/anjuta.c
                SOURCE (0:6:5:3): src/anjuta.h
                SOURCE (0:6:5:4): src/anjuta-app.c
                SOURCE (0:6:5:5): src/anjuta-app.h
                SOURCE (0:6:5:6): src/anjuta-actions.h
                SOURCE (0:6:5:7): src/action-callbacks.h
                SOURCE (0:6:5:8): src/action-callbacks.c
                SOURCE (0:6:5:9): src/main.c
            TARGET (0:6:6): anjuta-shell
                SOURCE (0:6:6:0): src/shell.c
                SOURCE (0:6:6:1): src/shell.h
        GROUP (0:7): manuals
            GROUP (0:7:0): reference
                GROUP (0:7:0:0): libanjuta
            GROUP (0:7:1): anjuta-manual
            GROUP (0:7:2): anjuta-faqs
            GROUP (0:7:3): anjuta-build-tutorial
        GROUP (0:8): mime
            TARGET (0:8:0): anjuta.xml
            TARGET (0:8:1): gnome-mime-application-x-anjuta.png
            TARGET (0:8:2): gnome-mime-application-x-anjuta.svg
        GROUP (0:9): launcher
            TARGET (0:9:0): anjuta_launcher
        GROUP (0:10): po
        TARGET (0:11): MAINTAINERS
        TARGET (0:12): README
        TARGET (0:13): COPYING
        TARGET (0:14): AUTHORS
        TARGET (0:15): ChangeLog
        TARGET (0:16): INSTALL
        TARGET (0:17): NEWS
        TARGET (0:18): TODO
        TARGET (0:19): FUTURE
        TARGET (0:20): ROADMAP
        TARGET (0:21): THANKS
        TARGET (0:22): $(gnomemenu_premerge_file:.desktop.in=.desktop)
